#
# There is insufficient memory for the Java Runtime Environment to continue.
# Native memory allocation (malloc) failed to allocate 1896768 bytes. Error detail: Chunk::new
# Possible reasons:
#   The system is out of physical RAM or swap space
#   This process is running with CompressedOops enabled, and the Java Heap may be blocking the growth of the native heap
# Possible solutions:
#   Reduce memory load on the system
#   Increase physical memory or swap space
#   Check if swap backing store is full
#   Decrease Java heap size (-Xmx/-Xms)
#   Decrease number of Java threads
#   Decrease Java thread stack sizes (-Xss)
#   Set larger code cache with -XX:ReservedCodeCacheSize=
#   JVM is running with Unscaled Compressed Oops mode in which the Java heap is
#     placed in the first 4GB address space. The Java Heap base address is the
#     maximum limit for the native heap growth. Please use -XX:HeapBaseMinAddress
#     to set the Java Heap base and to place the Java Heap above 4GB virtual address.
# This output file may be truncated or incomplete.
#
#  Out of Memory Error (arena.cpp:168), pid=14540, tid=20936
#
# JRE version: OpenJDK Runtime Environment Temurin-21.0.5+11 (21.0.5+11) (build 21.0.5+11-LTS)
# Java VM: OpenJDK 64-Bit Server VM Temurin-21.0.5+11 (21.0.5+11-LTS, mixed mode, sharing, tiered, compressed oops, compressed class ptrs, parallel gc, windows-amd64)
# No core dump will be written. Minidumps are not enabled by default on client versions of Windows
#

---------------  S U M M A R Y ------------

Command Line: --add-modules=ALL-SYSTEM --add-opens=java.base/java.util=ALL-UNNAMED --add-opens=java.base/java.lang=ALL-UNNAMED --add-opens=java.base/sun.nio.fs=ALL-UNNAMED -Declipse.application=org.eclipse.jdt.ls.core.id1 -Dosgi.bundles.defaultStartLevel=4 -Declipse.product=org.eclipse.jdt.ls.core.product -Djava.import.generatesMetadataFilesAtProjectRoot=false -DDetectVMInstallationsJob.disabled=true -Dfile.encoding=utf8 -XX:+UseParallelGC -XX:GCTimeRatio=4 -XX:AdaptiveSizePolicyWeight=90 -Dsun.zip.disableMemoryMapping=true -Xmx1G -Xms100m -Xlog:disable -javaagent:c:\Users\hp\.vscode\extensions\redhat.java-1.39.0-win32-x64\lombok\lombok-1.18.34.jar -XX:+HeapDumpOnOutOfMemoryError -XX:HeapDumpPath=c:\Users\hp\AppData\Roaming\Code\User\workspaceStorage\339ccd3595cb479c008a72b9d09184c8\redhat.java -Daether.dependencyCollector.impl=bf c:\Users\hp\.vscode\extensions\redhat.java-1.39.0-win32-x64\server\plugins\org.eclipse.equinox.launcher_1.6.900.v20240613-2009.jar -configuration c:\Users\hp\AppData\Roaming\Code\User\globalStorage\redhat.java\1.39.0\config_win -data c:\Users\hp\AppData\Roaming\Code\User\workspaceStorage\339ccd3595cb479c008a72b9d09184c8\redhat.java\jdt_ws --pipe=\\.\pipe\lsp-dfb10874020bab5d5ff76b538f750b41-sock

Host: 12th Gen Intel(R) Core(TM) i3-1215U, 8 cores, 7G,  Windows 11 , 64 bit Build 22621 (10.0.22621.4391)
Time: Wed Jan 29 16:56:37 2025 India Standard Time elapsed time: 11.788706 seconds (0d 0h 0m 11s)

---------------  T H R E A D  ---------------

Current thread (0x000001c0e81d9530):  JavaThread "C2 CompilerThread0" daemon [_thread_in_native, id=20936, stack(0x000000a51af00000,0x000000a51b000000) (1024K)]


Current CompileTask:
C2:11788 9065   !   4       org.eclipse.jdt.internal.core.search.indexing.BinaryIndexer::indexDocument (1204 bytes)

Stack: [0x000000a51af00000,0x000000a51b000000]
Native frames: (J=compiled Java code, j=interpreted, Vv=VM code, C=native code)
V  [jvm.dll+0x6cd4e9]
V  [jvm.dll+0x8a7941]
V  [jvm.dll+0x8a9e6e]
V  [jvm.dll+0x8aa543]
V  [jvm.dll+0x27f6d6]
V  [jvm.dll+0xc500d]
V  [jvm.dll+0xc5543]
V  [jvm.dll+0x3b660c]
V  [jvm.dll+0x1dffe9]
V  [jvm.dll+0x247b22]
V  [jvm.dll+0x246faf]
V  [jvm.dll+0x1c75ce]
V  [jvm.dll+0x25682a]
V  [jvm.dll+0x254dca]
V  [jvm.dll+0x3f00d6]
V  [jvm.dll+0x8514fb]
V  [jvm.dll+0x6cbbed]
C  [ucrtbase.dll+0x29333]
C  [KERNEL32.DLL+0x1259d]
C  [ntdll.dll+0x5af38]


---------------  P R O C E S S  ---------------

Threads class SMR info:
_java_thread_list=0x000001c0ef587ab0, length=43, elements={
0x000001c0d3cbd650, 0x000001c0e81cbdd0, 0x000001c0e81ce6e0, 0x000001c0e81d15e0,
0x000001c0e81d2af0, 0x000001c0e81d41a0, 0x000001c0e81d7d10, 0x000001c0e81d9530,
0x000001c0e8200d50, 0x000001c0ee0c7ef0, 0x000001c0ee32eb80, 0x000001c0ee9dff80,
0x000001c0eea6d210, 0x000001c0ee7eec20, 0x000001c0eebc0ee0, 0x000001c0ef2fbf20,
0x000001c0ef274c70, 0x000001c0ef3bab00, 0x000001c0ef3ba470, 0x000001c0ef45d500,
0x000001c0ef3b83a0, 0x000001c0ef3bb190, 0x000001c0ef3b9750, 0x000001c0ef3b8a30,
0x000001c0ef3b90c0, 0x000001c0ef3b9de0, 0x000001c0f16e48e0, 0x000001c0f16e4f70,
0x000001c0f16e4250, 0x000001c0f16e1af0, 0x000001c0f16e5600, 0x000001c0f16e2180,
0x000001c0f16e5c90, 0x000001c0f16e6320, 0x000001c0f16e3530, 0x000001c0f16e69b0,
0x000001c0f16e7040, 0x000001c0f16e76d0, 0x000001c0f16e9110, 0x000001c0f16e7d60,
0x000001c0f16e3bc0, 0x000001c0f16e83f0, 0x000001c0f16e2810
}

Java Threads: ( => current thread )
  0x000001c0d3cbd650 JavaThread "main"                              [_thread_blocked, id=20624, stack(0x000000a51a500000,0x000000a51a600000) (1024K)]
  0x000001c0e81cbdd0 JavaThread "Reference Handler"          daemon [_thread_blocked, id=2940, stack(0x000000a51a900000,0x000000a51aa00000) (1024K)]
  0x000001c0e81ce6e0 JavaThread "Finalizer"                  daemon [_thread_blocked, id=8212, stack(0x000000a51aa00000,0x000000a51ab00000) (1024K)]
  0x000001c0e81d15e0 JavaThread "Signal Dispatcher"          daemon [_thread_blocked, id=20836, stack(0x000000a51ab00000,0x000000a51ac00000) (1024K)]
  0x000001c0e81d2af0 JavaThread "Attach Listener"            daemon [_thread_blocked, id=12884, stack(0x000000a51ac00000,0x000000a51ad00000) (1024K)]
  0x000001c0e81d41a0 JavaThread "Service Thread"             daemon [_thread_blocked, id=11224, stack(0x000000a51ad00000,0x000000a51ae00000) (1024K)]
  0x000001c0e81d7d10 JavaThread "Monitor Deflation Thread"   daemon [_thread_blocked, id=16860, stack(0x000000a51ae00000,0x000000a51af00000) (1024K)]
=>0x000001c0e81d9530 JavaThread "C2 CompilerThread0"         daemon [_thread_in_native, id=20936, stack(0x000000a51af00000,0x000000a51b000000) (1024K)]
  0x000001c0e8200d50 JavaThread "C1 CompilerThread0"         daemon [_thread_blocked, id=18260, stack(0x000000a51b000000,0x000000a51b100000) (1024K)]
  0x000001c0ee0c7ef0 JavaThread "Common-Cleaner"             daemon [_thread_blocked, id=3656, stack(0x000000a51b100000,0x000000a51b200000) (1024K)]
  0x000001c0ee32eb80 JavaThread "Notification Thread"        daemon [_thread_blocked, id=2688, stack(0x000000a51b200000,0x000000a51b300000) (1024K)]
  0x000001c0ee9dff80 JavaThread "Active Thread: Equinox Container: 26cd40fb-496f-4a73-a035-0286d58e6767"        [_thread_blocked, id=12364, stack(0x000000a51b900000,0x000000a51ba00000) (1024K)]
  0x000001c0eea6d210 JavaThread "Refresh Thread: Equinox Container: 26cd40fb-496f-4a73-a035-0286d58e6767" daemon [_thread_blocked, id=12320, stack(0x000000a51ba00000,0x000000a51bb00000) (1024K)]
  0x000001c0ee7eec20 JavaThread "Framework Event Dispatcher: Equinox Container: 26cd40fb-496f-4a73-a035-0286d58e6767" daemon [_thread_blocked, id=18288, stack(0x000000a51bc00000,0x000000a51bd00000) (1024K)]
  0x000001c0eebc0ee0 JavaThread "Start Level: Equinox Container: 26cd40fb-496f-4a73-a035-0286d58e6767" daemon [_thread_blocked, id=11144, stack(0x000000a51bd00000,0x000000a51be00000) (1024K)]
  0x000001c0ef2fbf20 JavaThread "Bundle File Closer"         daemon [_thread_blocked, id=17656, stack(0x000000a51be00000,0x000000a51bf00000) (1024K)]
  0x000001c0ef274c70 JavaThread "SCR Component Actor"        daemon [_thread_blocked, id=19524, stack(0x000000a51bf00000,0x000000a51c000000) (1024K)]
  0x000001c0ef3bab00 JavaThread "Worker-JM"                         [_thread_blocked, id=19888, stack(0x000000a51c100000,0x000000a51c200000) (1024K)]
  0x000001c0ef3ba470 JavaThread "JNA Cleaner"                daemon [_thread_blocked, id=10524, stack(0x000000a51c200000,0x000000a51c300000) (1024K)]
  0x000001c0ef45d500 JavaThread "C2 CompilerThread1"         daemon [_thread_in_native, id=172, stack(0x000000a51c300000,0x000000a51c400000) (1024K)]
  0x000001c0ef3b83a0 JavaThread "Worker-0"                          [_thread_blocked, id=14588, stack(0x000000a51c400000,0x000000a51c500000) (1024K)]
  0x000001c0ef3bb190 JavaThread "Worker-1: Refreshing workspace"        [_thread_blocked, id=20500, stack(0x000000a51c500000,0x000000a51c600000) (1024K)]
  0x000001c0ef3b9750 JavaThread "Worker-2"                          [_thread_blocked, id=5304, stack(0x000000a51c600000,0x000000a51c700000) (1024K)]
  0x000001c0ef3b8a30 JavaThread "Java indexing"              daemon [_thread_in_Java, id=6900, stack(0x000000a51c700000,0x000000a51c800000) (1024K)]
  0x000001c0ef3b90c0 JavaThread "Worker-3: Initialize Workspace"        [_thread_blocked, id=3100, stack(0x000000a51ca00000,0x000000a51cb00000) (1024K)]
  0x000001c0ef3b9de0 JavaThread "Worker-4"                          [_thread_blocked, id=2228, stack(0x000000a51cb00000,0x000000a51cc00000) (1024K)]
  0x000001c0f16e48e0 JavaThread "Worker-5"                          [_thread_blocked, id=19612, stack(0x000000a51cc00000,0x000000a51cd00000) (1024K)]
  0x000001c0f16e4f70 JavaThread "Thread-2"                   daemon [_thread_in_native, id=2924, stack(0x000000a51cd00000,0x000000a51ce00000) (1024K)]
  0x000001c0f16e4250 JavaThread "Thread-3"                   daemon [_thread_in_native, id=12064, stack(0x000000a51ce00000,0x000000a51cf00000) (1024K)]
  0x000001c0f16e1af0 JavaThread "Thread-4"                   daemon [_thread_in_native, id=15200, stack(0x000000a51cf00000,0x000000a51d000000) (1024K)]
  0x000001c0f16e5600 JavaThread "Thread-5"                   daemon [_thread_in_native, id=17584, stack(0x000000a51d000000,0x000000a51d100000) (1024K)]
  0x000001c0f16e2180 JavaThread "Thread-6"                   daemon [_thread_in_native, id=20512, stack(0x000000a51d100000,0x000000a51d200000) (1024K)]
  0x000001c0f16e5c90 JavaThread "Thread-7"                   daemon [_thread_in_native, id=19836, stack(0x000000a51d200000,0x000000a51d300000) (1024K)]
  0x000001c0f16e6320 JavaThread "Thread-8"                   daemon [_thread_in_native, id=10988, stack(0x000000a51d300000,0x000000a51d400000) (1024K)]
  0x000001c0f16e3530 JavaThread "Thread-9"                   daemon [_thread_in_native, id=13100, stack(0x000000a51d400000,0x000000a51d500000) (1024K)]
  0x000001c0f16e69b0 JavaThread "Thread-10"                  daemon [_thread_in_native, id=20844, stack(0x000000a51d500000,0x000000a51d600000) (1024K)]
  0x000001c0f16e7040 JavaThread "Worker-6"                          [_thread_blocked, id=11828, stack(0x000000a51d600000,0x000000a51d700000) (1024K)]
  0x000001c0f16e76d0 JavaThread "pool-2-thread-1"                   [_thread_blocked, id=12128, stack(0x000000a51d700000,0x000000a51d800000) (1024K)]
  0x000001c0f16e9110 JavaThread "WorkspaceEventsHandler"            [_thread_blocked, id=21292, stack(0x000000a51d800000,0x000000a51d900000) (1024K)]
  0x000001c0f16e7d60 JavaThread "pool-1-thread-1"                   [_thread_blocked, id=10224, stack(0x000000a51d900000,0x000000a51da00000) (1024K)]
  0x000001c0f16e3bc0 JavaThread "Worker-7: Java indexing... "        [_thread_blocked, id=14296, stack(0x000000a51da00000,0x000000a51db00000) (1024K)]
  0x000001c0f16e83f0 JavaThread "Timer-0"                           [_thread_blocked, id=4312, stack(0x000000a51db00000,0x000000a51dc00000) (1024K)]
  0x000001c0f16e2810 JavaThread "Connection worker"                 [_thread_in_vm, id=11964, stack(0x000000a51dc00000,0x000000a51dd00000) (1024K)]
Total: 43

Other Threads:
  0x000001c0e81b28c0 VMThread "VM Thread"                           [id=20196, stack(0x000000a51a800000,0x000000a51a900000) (1024K)]
  0x000001c0d3d26ac0 WatcherThread "VM Periodic Task Thread"        [id=688, stack(0x000000a51a700000,0x000000a51a800000) (1024K)]
  0x000001c0d3cdbce0 WorkerThread "GC Thread#0"                     [id=12144, stack(0x000000a51a600000,0x000000a51a700000) (1024K)]
  0x000001c0ee974440 WorkerThread "GC Thread#1"                     [id=7436, stack(0x000000a51b300000,0x000000a51b400000) (1024K)]
  0x000001c0ee9ea310 WorkerThread "GC Thread#2"                     [id=12676, stack(0x000000a51b400000,0x000000a51b500000) (1024K)]
  0x000001c0ee9ea6b0 WorkerThread "GC Thread#3"                     [id=1732, stack(0x000000a51b500000,0x000000a51b600000) (1024K)]
  0x000001c0ee6f7e60 WorkerThread "GC Thread#4"                     [id=19116, stack(0x000000a51b600000,0x000000a51b700000) (1024K)]
  0x000001c0ee6f8200 WorkerThread "GC Thread#5"                     [id=9540, stack(0x000000a51b700000,0x000000a51b800000) (1024K)]
  0x000001c0ee6f85a0 WorkerThread "GC Thread#6"                     [id=13496, stack(0x000000a51b800000,0x000000a51b900000) (1024K)]
  0x000001c0ee8a5900 WorkerThread "GC Thread#7"                     [id=17984, stack(0x000000a51bb00000,0x000000a51bc00000) (1024K)]
Total: 10

Threads with active compile tasks:
C2 CompilerThread0  11808 9065   !   4       org.eclipse.jdt.internal.core.search.indexing.BinaryIndexer::indexDocument (1204 bytes)
C2 CompilerThread1  11808 9052       4       java.util.LinkedHashMap$Entry::<init> (10 bytes)
Total: 2

VM state: not at safepoint (normal execution)

VM Mutex/Monitor currently owned by a thread: None

Heap address: 0x00000000c0000000, size: 1024 MB, Compressed Oops mode: 32-bit

CDS archive(s) mapped at: [0x000001c080000000-0x000001c080ba0000-0x000001c080ba0000), size 12189696, SharedBaseAddress: 0x000001c080000000, ArchiveRelocationMode: 1.
Compressed class space mapped at: 0x000001c081000000-0x000001c0c1000000, reserved size: 1073741824
Narrow klass base: 0x000001c080000000, Narrow klass shift: 0, Narrow klass range: 0x100000000

GC Precious Log:
 CardTable entry size: 512
 CPUs: 8 total, 8 available
 Memory: 7865M
 Large Page Support: Disabled
 NUMA Support: Disabled
 Compressed Oops: Enabled (32-bit)
 Alignments: Space 512K, Generation 512K, Heap 2M
 Heap Min Capacity: 100M
 Heap Initial Capacity: 100M
 Heap Max Capacity: 1G
 Pre-touch: Disabled
 Parallel Workers: 8

Heap:
 PSYoungGen      total 15360K, used 9954K [0x00000000eab00000, 0x00000000ec400000, 0x0000000100000000)
  eden space 12800K, 57% used [0x00000000eab00000,0x00000000eb23e8f0,0x00000000eb780000)
  from space 2560K, 99% used [0x00000000ebd00000,0x00000000ebf7a958,0x00000000ebf80000)
  to   space 5632K, 0% used [0x00000000eb780000,0x00000000eb780000,0x00000000ebd00000)
 ParOldGen       total 184320K, used 184017K [0x00000000c0000000, 0x00000000cb400000, 0x00000000eab00000)
  object space 184320K, 99% used [0x00000000c0000000,0x00000000cb3b4540,0x00000000cb400000)
 Metaspace       used 56131K, committed 57408K, reserved 1114112K
  class space    used 6287K, committed 6848K, reserved 1048576K

Card table byte_map: [0x000001c0d3660000,0x000001c0d3870000] _byte_map_base: 0x000001c0d3060000

Marking Bits: (ParMarkBitMap*) 0x00007ffdb8612250
 Begin Bits: [0x000001c0e6010000, 0x000001c0e7010000)
 End Bits:   [0x000001c0e7010000, 0x000001c0e8010000)

Polling page: 0x000001c0d1c30000

Metaspace:

Usage:
  Non-class:     48.68 MB used.
      Class:      6.14 MB used.
       Both:     54.82 MB used.

Virtual space:
  Non-class space:       64.00 MB reserved,      49.38 MB ( 77%) committed,  1 nodes.
      Class space:        1.00 GB reserved,       6.69 MB ( <1%) committed,  1 nodes.
             Both:        1.06 GB reserved,      56.06 MB (  5%) committed. 

Chunk freelists:
   Non-Class:  13.83 MB
       Class:  9.17 MB
        Both:  23.00 MB

MaxMetaspaceSize: unlimited
CompressedClassSpaceSize: 1.00 GB
Initial GC threshold: 21.00 MB
Current GC threshold: 58.38 MB
CDS: on
 - commit_granule_bytes: 65536.
 - commit_granule_words: 8192.
 - virtual_space_node_default_size: 8388608.
 - enlarge_chunks_in_place: 1.
 - use_allocation_guard: 0.


Internal statistics:

num_allocs_failed_limit: 6.
num_arena_births: 984.
num_arena_deaths: 14.
num_vsnodes_births: 2.
num_vsnodes_deaths: 0.
num_space_committed: 897.
num_space_uncommitted: 0.
num_chunks_returned_to_freelist: 20.
num_chunks_taken_from_freelist: 3529.
num_chunk_merges: 12.
num_chunk_splits: 2204.
num_chunks_enlarged: 1283.
num_inconsistent_stats: 0.

CodeHeap 'non-profiled nmethods': size=120000Kb used=4378Kb max_used=4378Kb free=115621Kb
 bounds [0x000001c0deae0000, 0x000001c0def30000, 0x000001c0e6010000]
CodeHeap 'profiled nmethods': size=120000Kb used=17001Kb max_used=17001Kb free=102998Kb
 bounds [0x000001c0d7010000, 0x000001c0d80b0000, 0x000001c0de540000]
CodeHeap 'non-nmethods': size=5760Kb used=1391Kb max_used=1459Kb free=4368Kb
 bounds [0x000001c0de540000, 0x000001c0de7b0000, 0x000001c0deae0000]
 total_blobs=9112 nmethods=8418 adapters=600
 compilation: enabled
              stopped_count=0, restarted_count=0
 full_count=0

Compilation events (20 events):
Event: 11.702 Thread 0x000001c0e8200d50 9176       3       org.gradle.internal.classloader.VisitableURLClassLoader::toString (38 bytes)
Event: 11.702 Thread 0x000001c0e8200d50 nmethod 9176 0x000001c0d80a6690 code [0x000001c0d80a68e0, 0x000001c0d80a6f70]
Event: 11.703 Thread 0x000001c0e8200d50 9177       3       org.eclipse.jdt.internal.compiler.classfmt.MethodInfo::decodeCodeAttribute (143 bytes)
Event: 11.703 Thread 0x000001c0e8200d50 nmethod 9177 0x000001c0d80a7210 code [0x000001c0d80a7460, 0x000001c0d80a8000]
Event: 11.714 Thread 0x000001c0e8200d50 9179       2       java.lang.invoke.LambdaFormBuffer::setNames (22 bytes)
Event: 11.715 Thread 0x000001c0e8200d50 nmethod 9179 0x000001c0d80a8490 code [0x000001c0d80a8620, 0x000001c0d80a8760]
Event: 11.715 Thread 0x000001c0e8200d50 9180       2       java.lang.invoke.LambdaFormBuffer::nameArray (15 bytes)
Event: 11.715 Thread 0x000001c0e8200d50 nmethod 9180 0x000001c0d80a8810 code [0x000001c0d80a89c0, 0x000001c0d80a8b50]
Event: 11.715 Thread 0x000001c0e8200d50 9181       2       java.lang.invoke.LambdaFormBuffer::resultIndex (41 bytes)
Event: 11.715 Thread 0x000001c0e8200d50 nmethod 9181 0x000001c0d80a8c90 code [0x000001c0d80a8e40, 0x000001c0d80a9008]
Event: 11.758 Thread 0x000001c0e8200d50 9186       2       java.lang.invoke.LambdaFormBuffer::clearDuplicatesAndNulls (268 bytes)
Event: 11.759 Thread 0x000001c0e8200d50 nmethod 9186 0x000001c0d80a9110 code [0x000001c0d80a9320, 0x000001c0d80a9988]
Event: 11.773 Thread 0x000001c0ef45d500 nmethod 9087 0x000001c0def1cf90 code [0x000001c0def1d2e0, 0x000001c0def202e8]
Event: 11.774 Thread 0x000001c0ef45d500 9174       4       org.eclipse.jdt.core.compiler.CharOperation::equals (6 bytes)
Event: 11.774 Thread 0x000001c0ef45d500 nmethod 9174 0x000001c0def21e90 code [0x000001c0def22000, 0x000001c0def22140]
Event: 11.774 Thread 0x000001c0ef45d500 9173       4       org.eclipse.jdt.internal.core.search.indexing.AbstractIndexer::addNameReference (9 bytes)
Event: 11.776 Thread 0x000001c0ef45d500 nmethod 9173 0x000001c0def22190 code [0x000001c0def22340, 0x000001c0def224e0]
Event: 11.777 Thread 0x000001c0ef45d500 9072   !   4       jdk.internal.loader.URLClassPath$JarLoader::ensureOpen (36 bytes)
Event: 11.779 Thread 0x000001c0ef45d500 nmethod 9072 0x000001c0def22710 code [0x000001c0def228c0, 0x000001c0def22a60]
Event: 11.780 Thread 0x000001c0ef45d500 9077       4       java.util.jar.JarFile::getEntry (35 bytes)

GC Heap History (20 events):
Event: 11.208 GC heap before
{Heap before GC invocations=75 (full 2):
 PSYoungGen      total 20992K, used 20577K [0x00000000eab00000, 0x00000000ec800000, 0x0000000100000000)
  eden space 15360K, 100% used [0x00000000eab00000,0x00000000eba00000,0x00000000eba00000)
  from space 5632K, 92% used [0x00000000ec280000,0x00000000ec798548,0x00000000ec800000)
  to   space 6144K, 0% used [0x00000000ebc00000,0x00000000ebc00000,0x00000000ec200000)
 ParOldGen       total 153600K, used 153565K [0x00000000c0000000, 0x00000000c9600000, 0x00000000eab00000)
  object space 153600K, 99% used [0x00000000c0000000,0x00000000c95f7670,0x00000000c9600000)
 Metaspace       used 53189K, committed 54464K, reserved 1114112K
  class space    used 5791K, committed 6336K, reserved 1048576K
}
Event: 11.215 GC heap after
{Heap after GC invocations=75 (full 2):
 PSYoungGen      total 18944K, used 3273K [0x00000000eab00000, 0x00000000ec300000, 0x0000000100000000)
  eden space 15360K, 0% used [0x00000000eab00000,0x00000000eab00000,0x00000000eba00000)
  from space 3584K, 91% used [0x00000000ebc00000,0x00000000ebf32680,0x00000000ebf80000)
  to   space 3584K, 0% used [0x00000000ebf80000,0x00000000ebf80000,0x00000000ec300000)
 ParOldGen       total 158720K, used 158620K [0x00000000c0000000, 0x00000000c9b00000, 0x00000000eab00000)
  object space 158720K, 99% used [0x00000000c0000000,0x00000000c9ae7348,0x00000000c9b00000)
 Metaspace       used 53189K, committed 54464K, reserved 1114112K
  class space    used 5791K, committed 6336K, reserved 1048576K
}
Event: 11.255 GC heap before
{Heap before GC invocations=76 (full 2):
 PSYoungGen      total 18944K, used 18633K [0x00000000eab00000, 0x00000000ec300000, 0x0000000100000000)
  eden space 15360K, 100% used [0x00000000eab00000,0x00000000eba00000,0x00000000eba00000)
  from space 3584K, 91% used [0x00000000ebc00000,0x00000000ebf32680,0x00000000ebf80000)
  to   space 3584K, 0% used [0x00000000ebf80000,0x00000000ebf80000,0x00000000ec300000)
 ParOldGen       total 158720K, used 158620K [0x00000000c0000000, 0x00000000c9b00000, 0x00000000eab00000)
  object space 158720K, 99% used [0x00000000c0000000,0x00000000c9ae7348,0x00000000c9b00000)
 Metaspace       used 53319K, committed 54528K, reserved 1114112K
  class space    used 5825K, committed 6336K, reserved 1048576K
}
Event: 11.259 GC heap after
{Heap after GC invocations=76 (full 2):
 PSYoungGen      total 18944K, used 3163K [0x00000000eab00000, 0x00000000ec300000, 0x0000000100000000)
  eden space 15360K, 0% used [0x00000000eab00000,0x00000000eab00000,0x00000000eba00000)
  from space 3584K, 88% used [0x00000000ebf80000,0x00000000ec296ee8,0x00000000ec300000)
  to   space 3584K, 0% used [0x00000000ebc00000,0x00000000ebc00000,0x00000000ebf80000)
 ParOldGen       total 161792K, used 161649K [0x00000000c0000000, 0x00000000c9e00000, 0x00000000eab00000)
  object space 161792K, 99% used [0x00000000c0000000,0x00000000c9ddc538,0x00000000c9e00000)
 Metaspace       used 53319K, committed 54528K, reserved 1114112K
  class space    used 5825K, committed 6336K, reserved 1048576K
}
Event: 11.314 GC heap before
{Heap before GC invocations=77 (full 2):
 PSYoungGen      total 18944K, used 18523K [0x00000000eab00000, 0x00000000ec300000, 0x0000000100000000)
  eden space 15360K, 100% used [0x00000000eab00000,0x00000000eba00000,0x00000000eba00000)
  from space 3584K, 88% used [0x00000000ebf80000,0x00000000ec296ee8,0x00000000ec300000)
  to   space 3584K, 0% used [0x00000000ebc00000,0x00000000ebc00000,0x00000000ebf80000)
 ParOldGen       total 161792K, used 161649K [0x00000000c0000000, 0x00000000c9e00000, 0x00000000eab00000)
  object space 161792K, 99% used [0x00000000c0000000,0x00000000c9ddc538,0x00000000c9e00000)
 Metaspace       used 53489K, committed 54720K, reserved 1114112K
  class space    used 5862K, committed 6400K, reserved 1048576K
}
Event: 11.318 GC heap after
{Heap after GC invocations=77 (full 2):
 PSYoungGen      total 18944K, used 3137K [0x00000000eab00000, 0x00000000ec100000, 0x0000000100000000)
  eden space 15360K, 0% used [0x00000000eab00000,0x00000000eab00000,0x00000000eba00000)
  from space 3584K, 87% used [0x00000000ebc00000,0x00000000ebf104c8,0x00000000ebf80000)
  to   space 1536K, 0% used [0x00000000ebf80000,0x00000000ebf80000,0x00000000ec100000)
 ParOldGen       total 164864K, used 164607K [0x00000000c0000000, 0x00000000ca100000, 0x00000000eab00000)
  object space 164864K, 99% used [0x00000000c0000000,0x00000000ca0bffd8,0x00000000ca100000)
 Metaspace       used 53489K, committed 54720K, reserved 1114112K
  class space    used 5862K, committed 6400K, reserved 1048576K
}
Event: 11.377 GC heap before
{Heap before GC invocations=78 (full 2):
 PSYoungGen      total 18944K, used 18497K [0x00000000eab00000, 0x00000000ec100000, 0x0000000100000000)
  eden space 15360K, 100% used [0x00000000eab00000,0x00000000eba00000,0x00000000eba00000)
  from space 3584K, 87% used [0x00000000ebc00000,0x00000000ebf104c8,0x00000000ebf80000)
  to   space 1536K, 0% used [0x00000000ebf80000,0x00000000ebf80000,0x00000000ec100000)
 ParOldGen       total 164864K, used 164607K [0x00000000c0000000, 0x00000000ca100000, 0x00000000eab00000)
  object space 164864K, 99% used [0x00000000c0000000,0x00000000ca0bffd8,0x00000000ca100000)
 Metaspace       used 53721K, committed 54976K, reserved 1114112K
  class space    used 5908K, committed 6464K, reserved 1048576K
}
Event: 11.383 GC heap after
{Heap after GC invocations=78 (full 2):
 PSYoungGen      total 15872K, used 1520K [0x00000000eab00000, 0x00000000ec700000, 0x0000000100000000)
  eden space 14336K, 0% used [0x00000000eab00000,0x00000000eab00000,0x00000000eb900000)
  from space 1536K, 98% used [0x00000000ebf80000,0x00000000ec0fc010,0x00000000ec100000)
  to   space 6656K, 0% used [0x00000000eb900000,0x00000000eb900000,0x00000000ebf80000)
 ParOldGen       total 169472K, used 168987K [0x00000000c0000000, 0x00000000ca580000, 0x00000000eab00000)
  object space 169472K, 99% used [0x00000000c0000000,0x00000000ca506f78,0x00000000ca580000)
 Metaspace       used 53721K, committed 54976K, reserved 1114112K
  class space    used 5908K, committed 6464K, reserved 1048576K
}
Event: 11.437 GC heap before
{Heap before GC invocations=79 (full 2):
 PSYoungGen      total 15872K, used 15856K [0x00000000eab00000, 0x00000000ec700000, 0x0000000100000000)
  eden space 14336K, 100% used [0x00000000eab00000,0x00000000eb900000,0x00000000eb900000)
  from space 1536K, 98% used [0x00000000ebf80000,0x00000000ec0fc010,0x00000000ec100000)
  to   space 6656K, 0% used [0x00000000eb900000,0x00000000eb900000,0x00000000ebf80000)
 ParOldGen       total 169472K, used 168987K [0x00000000c0000000, 0x00000000ca580000, 0x00000000eab00000)
  object space 169472K, 99% used [0x00000000c0000000,0x00000000ca506f78,0x00000000ca580000)
 Metaspace       used 54000K, committed 55232K, reserved 1114112K
  class space    used 5954K, committed 6464K, reserved 1048576K
}
Event: 11.440 GC heap after
{Heap after GC invocations=79 (full 2):
 PSYoungGen      total 17408K, used 3065K [0x00000000eab00000, 0x00000000ec100000, 0x0000000100000000)
  eden space 14336K, 0% used [0x00000000eab00000,0x00000000eab00000,0x00000000eb900000)
  from space 3072K, 99% used [0x00000000eb900000,0x00000000ebbfe6f8,0x00000000ebc00000)
  to   space 4096K, 0% used [0x00000000ebd00000,0x00000000ebd00000,0x00000000ec100000)
 ParOldGen       total 170496K, used 170396K [0x00000000c0000000, 0x00000000ca680000, 0x00000000eab00000)
  object space 170496K, 99% used [0x00000000c0000000,0x00000000ca667228,0x00000000ca680000)
 Metaspace       used 54000K, committed 55232K, reserved 1114112K
  class space    used 5954K, committed 6464K, reserved 1048576K
}
Event: 11.492 GC heap before
{Heap before GC invocations=80 (full 2):
 PSYoungGen      total 17408K, used 17401K [0x00000000eab00000, 0x00000000ec100000, 0x0000000100000000)
  eden space 14336K, 100% used [0x00000000eab00000,0x00000000eb900000,0x00000000eb900000)
  from space 3072K, 99% used [0x00000000eb900000,0x00000000ebbfe6f8,0x00000000ebc00000)
  to   space 4096K, 0% used [0x00000000ebd00000,0x00000000ebd00000,0x00000000ec100000)
 ParOldGen       total 170496K, used 170396K [0x00000000c0000000, 0x00000000ca680000, 0x00000000eab00000)
  object space 170496K, 99% used [0x00000000c0000000,0x00000000ca667228,0x00000000ca680000)
 Metaspace       used 54373K, committed 55680K, reserved 1114112K
  class space    used 6018K, committed 6592K, reserved 1048576K
}
Event: 11.497 GC heap after
{Heap after GC invocations=80 (full 2):
 PSYoungGen      total 17408K, used 2722K [0x00000000eab00000, 0x00000000ec000000, 0x0000000100000000)
  eden space 14336K, 0% used [0x00000000eab00000,0x00000000eab00000,0x00000000eb900000)
  from space 3072K, 88% used [0x00000000ebd00000,0x00000000ebfa8998,0x00000000ec000000)
  to   space 3072K, 0% used [0x00000000eb900000,0x00000000eb900000,0x00000000ebc00000)
 ParOldGen       total 173568K, used 173275K [0x00000000c0000000, 0x00000000ca980000, 0x00000000eab00000)
  object space 173568K, 99% used [0x00000000c0000000,0x00000000ca936de8,0x00000000ca980000)
 Metaspace       used 54373K, committed 55680K, reserved 1114112K
  class space    used 6018K, committed 6592K, reserved 1048576K
}
Event: 11.537 GC heap before
{Heap before GC invocations=81 (full 2):
 PSYoungGen      total 17408K, used 17058K [0x00000000eab00000, 0x00000000ec000000, 0x0000000100000000)
  eden space 14336K, 100% used [0x00000000eab00000,0x00000000eb900000,0x00000000eb900000)
  from space 3072K, 88% used [0x00000000ebd00000,0x00000000ebfa8998,0x00000000ec000000)
  to   space 3072K, 0% used [0x00000000eb900000,0x00000000eb900000,0x00000000ebc00000)
 ParOldGen       total 173568K, used 173275K [0x00000000c0000000, 0x00000000ca980000, 0x00000000eab00000)
  object space 173568K, 99% used [0x00000000c0000000,0x00000000ca936de8,0x00000000ca980000)
 Metaspace       used 54730K, committed 56000K, reserved 1114112K
  class space    used 6061K, committed 6592K, reserved 1048576K
}
Event: 11.540 GC heap after
{Heap after GC invocations=81 (full 2):
 PSYoungGen      total 17408K, used 3051K [0x00000000eab00000, 0x00000000ec500000, 0x0000000100000000)
  eden space 14336K, 0% used [0x00000000eab00000,0x00000000eab00000,0x00000000eb900000)
  from space 3072K, 99% used [0x00000000eb900000,0x00000000ebbfae98,0x00000000ebc00000)
  to   space 6144K, 0% used [0x00000000ebf00000,0x00000000ebf00000,0x00000000ec500000)
 ParOldGen       total 176128K, used 175853K [0x00000000c0000000, 0x00000000cac00000, 0x00000000eab00000)
  object space 176128K, 99% used [0x00000000c0000000,0x00000000cabbb790,0x00000000cac00000)
 Metaspace       used 54730K, committed 56000K, reserved 1114112K
  class space    used 6061K, committed 6592K, reserved 1048576K
}
Event: 11.590 GC heap before
{Heap before GC invocations=82 (full 2):
 PSYoungGen      total 17408K, used 17387K [0x00000000eab00000, 0x00000000ec500000, 0x0000000100000000)
  eden space 14336K, 100% used [0x00000000eab00000,0x00000000eb900000,0x00000000eb900000)
  from space 3072K, 99% used [0x00000000eb900000,0x00000000ebbfae98,0x00000000ebc00000)
  to   space 6144K, 0% used [0x00000000ebf00000,0x00000000ebf00000,0x00000000ec500000)
 ParOldGen       total 176128K, used 175853K [0x00000000c0000000, 0x00000000cac00000, 0x00000000eab00000)
  object space 176128K, 99% used [0x00000000c0000000,0x00000000cabbb790,0x00000000cac00000)
 Metaspace       used 55075K, committed 56384K, reserved 1114112K
  class space    used 6113K, committed 6656K, reserved 1048576K
}
Event: 11.594 GC heap after
{Heap after GC invocations=82 (full 2):
 PSYoungGen      total 17408K, used 2841K [0x00000000eab00000, 0x00000000ec200000, 0x0000000100000000)
  eden space 14336K, 0% used [0x00000000eab00000,0x00000000eab00000,0x00000000eb900000)
  from space 3072K, 92% used [0x00000000ebf00000,0x00000000ec1c6438,0x00000000ec200000)
  to   space 4096K, 0% used [0x00000000eba00000,0x00000000eba00000,0x00000000ebe00000)
 ParOldGen       total 179200K, used 178691K [0x00000000c0000000, 0x00000000caf00000, 0x00000000eab00000)
  object space 179200K, 99% used [0x00000000c0000000,0x00000000cae80d28,0x00000000caf00000)
 Metaspace       used 55075K, committed 56384K, reserved 1114112K
  class space    used 6113K, committed 6656K, reserved 1048576K
}
Event: 11.671 GC heap before
{Heap before GC invocations=83 (full 2):
 PSYoungGen      total 17408K, used 17177K [0x00000000eab00000, 0x00000000ec200000, 0x0000000100000000)
  eden space 14336K, 100% used [0x00000000eab00000,0x00000000eb900000,0x00000000eb900000)
  from space 3072K, 92% used [0x00000000ebf00000,0x00000000ec1c6438,0x00000000ec200000)
  to   space 4096K, 0% used [0x00000000eba00000,0x00000000eba00000,0x00000000ebe00000)
 ParOldGen       total 179200K, used 178691K [0x00000000c0000000, 0x00000000caf00000, 0x00000000eab00000)
  object space 179200K, 99% used [0x00000000c0000000,0x00000000cae80d28,0x00000000caf00000)
 Metaspace       used 55505K, committed 56768K, reserved 1114112K
  class space    used 6179K, committed 6720K, reserved 1048576K
}
Event: 11.676 GC heap after
{Heap after GC invocations=83 (full 2):
 PSYoungGen      total 17408K, used 2794K [0x00000000eab00000, 0x00000000ebf80000, 0x0000000100000000)
  eden space 14336K, 0% used [0x00000000eab00000,0x00000000eab00000,0x00000000eb900000)
  from space 3072K, 90% used [0x00000000eba00000,0x00000000ebcba8a0,0x00000000ebd00000)
  to   space 2560K, 0% used [0x00000000ebd00000,0x00000000ebd00000,0x00000000ebf80000)
 ParOldGen       total 181760K, used 181361K [0x00000000c0000000, 0x00000000cb180000, 0x00000000eab00000)
  object space 181760K, 99% used [0x00000000c0000000,0x00000000cb11c480,0x00000000cb180000)
 Metaspace       used 55505K, committed 56768K, reserved 1114112K
  class space    used 6179K, committed 6720K, reserved 1048576K
}
Event: 11.765 GC heap before
{Heap before GC invocations=84 (full 2):
 PSYoungGen      total 17408K, used 17130K [0x00000000eab00000, 0x00000000ebf80000, 0x0000000100000000)
  eden space 14336K, 100% used [0x00000000eab00000,0x00000000eb900000,0x00000000eb900000)
  from space 3072K, 90% used [0x00000000eba00000,0x00000000ebcba8a0,0x00000000ebd00000)
  to   space 2560K, 0% used [0x00000000ebd00000,0x00000000ebd00000,0x00000000ebf80000)
 ParOldGen       total 181760K, used 181361K [0x00000000c0000000, 0x00000000cb180000, 0x00000000eab00000)
  object space 181760K, 99% used [0x00000000c0000000,0x00000000cb11c480,0x00000000cb180000)
 Metaspace       used 55897K, committed 57152K, reserved 1114112K
  class space    used 6253K, committed 6784K, reserved 1048576K
}
Event: 11.770 GC heap after
{Heap after GC invocations=84 (full 2):
 PSYoungGen      total 15360K, used 2538K [0x00000000eab00000, 0x00000000ec400000, 0x0000000100000000)
  eden space 12800K, 0% used [0x00000000eab00000,0x00000000eab00000,0x00000000eb780000)
  from space 2560K, 99% used [0x00000000ebd00000,0x00000000ebf7a958,0x00000000ebf80000)
  to   space 5632K, 0% used [0x00000000eb780000,0x00000000eb780000,0x00000000ebd00000)
 ParOldGen       total 184320K, used 184017K [0x00000000c0000000, 0x00000000cb400000, 0x00000000eab00000)
  object space 184320K, 99% used [0x00000000c0000000,0x00000000cb3b4540,0x00000000cb400000)
 Metaspace       used 55897K, committed 57152K, reserved 1114112K
  class space    used 6253K, committed 6784K, reserved 1048576K
}

Dll operation events (13 events):
Event: 0.012 Loaded shared library c:\Users\hp\.vscode\extensions\redhat.java-1.39.0-win32-x64\jre\21.0.5-win32-x86_64\bin\java.dll
Event: 0.113 Loaded shared library c:\Users\hp\.vscode\extensions\redhat.java-1.39.0-win32-x64\jre\21.0.5-win32-x86_64\bin\zip.dll
Event: 0.138 Loaded shared library C:\Users\hp\.vscode\extensions\redhat.java-1.39.0-win32-x64\jre\21.0.5-win32-x86_64\bin\instrument.dll
Event: 0.145 Loaded shared library C:\Users\hp\.vscode\extensions\redhat.java-1.39.0-win32-x64\jre\21.0.5-win32-x86_64\bin\net.dll
Event: 0.147 Loaded shared library C:\Users\hp\.vscode\extensions\redhat.java-1.39.0-win32-x64\jre\21.0.5-win32-x86_64\bin\nio.dll
Event: 0.152 Loaded shared library C:\Users\hp\.vscode\extensions\redhat.java-1.39.0-win32-x64\jre\21.0.5-win32-x86_64\bin\zip.dll
Event: 0.175 Loaded shared library C:\Users\hp\.vscode\extensions\redhat.java-1.39.0-win32-x64\jre\21.0.5-win32-x86_64\bin\jimage.dll
Event: 0.259 Loaded shared library c:\Users\hp\.vscode\extensions\redhat.java-1.39.0-win32-x64\jre\21.0.5-win32-x86_64\bin\verify.dll
Event: 1.669 Loaded shared library C:\Users\hp\AppData\Roaming\Code\User\globalStorage\redhat.java\1.39.0\config_win\org.eclipse.equinox.launcher\org.eclipse.equinox.launcher.win32.win32.x86_64_1.2.1100.v20240722-2106\eclipse_11904.dll
Event: 4.573 Loaded shared library C:\Users\hp\AppData\Local\Temp\jna-3336\jna5097906883078113788.dll
Event: 10.270 Loaded shared library C:\Users\hp\.gradle\native\68d5fa5c4cc2d200863cafc0d521ce42e7d3e7ee720ec0a83991735586a16f82\windows-amd64\native-platform.dll
Event: 11.583 Loaded shared library C:\Users\hp\.vscode\extensions\redhat.java-1.39.0-win32-x64\jre\21.0.5-win32-x86_64\bin\management.dll
Event: 11.587 Loaded shared library C:\Users\hp\.vscode\extensions\redhat.java-1.39.0-win32-x64\jre\21.0.5-win32-x86_64\bin\management_ext.dll

Deoptimization events (20 events):
Event: 11.580 Thread 0x000001c0ef3b8a30 DEOPT PACKING pc=0x000001c0d7e1c3ea sp=0x000000a51c7fe430
Event: 11.580 Thread 0x000001c0ef3b8a30 DEOPT UNPACKING pc=0x000001c0de594242 sp=0x000000a51c7fd8b8 mode 0
Event: 11.601 Thread 0x000001c0f16e2810 Uncommon trap: trap_request=0xffffff45 fr.pc=0x000001c0ded2fcac relative=0x000000000000070c
Event: 11.601 Thread 0x000001c0f16e2810 Uncommon trap: reason=unstable_if action=reinterpret pc=0x000001c0ded2fcac method=java.util.HashMap.putVal(ILjava/lang/Object;Ljava/lang/Object;ZZ)Ljava/lang/Object; @ 236 c2
Event: 11.601 Thread 0x000001c0f16e2810 DEOPT PACKING pc=0x000001c0ded2fcac sp=0x000000a51dcfc8a0
Event: 11.601 Thread 0x000001c0f16e2810 DEOPT UNPACKING pc=0x000001c0de593aa2 sp=0x000000a51dcfc818 mode 2
Event: 11.636 Thread 0x000001c0ef3b8a30 DEOPT PACKING pc=0x000001c0d7e28cf4 sp=0x000000a51c7fe430
Event: 11.636 Thread 0x000001c0ef3b8a30 DEOPT UNPACKING pc=0x000001c0de594242 sp=0x000000a51c7fd8a8 mode 0
Event: 11.639 Thread 0x000001c0ef3b8a30 DEOPT PACKING pc=0x000001c0d7e1c3ea sp=0x000000a51c7fe430
Event: 11.639 Thread 0x000001c0ef3b8a30 DEOPT UNPACKING pc=0x000001c0de594242 sp=0x000000a51c7fd8b8 mode 0
Event: 11.642 Thread 0x000001c0ef3b8a30 DEOPT PACKING pc=0x000001c0d7f46f99 sp=0x000000a51c7fe630
Event: 11.642 Thread 0x000001c0ef3b8a30 DEOPT UNPACKING pc=0x000001c0de594242 sp=0x000000a51c7fdbd0 mode 0
Event: 11.696 Thread 0x000001c0ef3b8a30 Uncommon trap: trap_request=0xffffff45 fr.pc=0x000001c0dee9b38c relative=0x0000000000001b4c
Event: 11.696 Thread 0x000001c0ef3b8a30 Uncommon trap: reason=unstable_if action=reinterpret pc=0x000001c0dee9b38c method=org.eclipse.jdt.internal.compiler.classfmt.MethodInfo.decodeLocalVariableAttribute(II)V @ 14 c2
Event: 11.696 Thread 0x000001c0ef3b8a30 DEOPT PACKING pc=0x000001c0dee9b38c sp=0x000000a51c7fe4f0
Event: 11.696 Thread 0x000001c0ef3b8a30 DEOPT UNPACKING pc=0x000001c0de593aa2 sp=0x000000a51c7fe410 mode 2
Event: 11.732 Thread 0x000001c0ef3b8a30 DEOPT PACKING pc=0x000001c0d7e1c3ea sp=0x000000a51c7fe300
Event: 11.732 Thread 0x000001c0ef3b8a30 DEOPT UNPACKING pc=0x000001c0de594242 sp=0x000000a51c7fd788 mode 0
Event: 11.774 Thread 0x000001c0ef3b8a30 DEOPT PACKING pc=0x000001c0d7f46f99 sp=0x000000a51c7fe590
Event: 11.774 Thread 0x000001c0ef3b8a30 DEOPT UNPACKING pc=0x000001c0de594242 sp=0x000000a51c7fdb30 mode 0

Classes loaded (20 events):
Event: 11.604 Loading class java/util/stream/ReduceOps$2ReducingSink
Event: 11.604 Loading class java/util/stream/ReduceOps$2ReducingSink done
Event: 11.604 Loading class sun/management/RuntimeImpl
Event: 11.605 Loading class sun/management/RuntimeImpl done
Event: 11.605 Loading class java/util/Collections$2
Event: 11.605 Loading class java/util/Collections$2 done
Event: 11.605 Loading class sun/management/Util
Event: 11.606 Loading class sun/management/Util done
Event: 11.606 Loading class java/lang/management/ManagementPermission
Event: 11.606 Loading class java/lang/management/ManagementPermission done
Event: 11.655 Loading class java/net/ConnectException
Event: 11.655 Loading class java/net/ConnectException done
Event: 11.705 Loading class java/io/StreamCorruptedException
Event: 11.705 Loading class java/io/StreamCorruptedException done
Event: 11.709 Loading class java/util/concurrent/ConcurrentSkipListMap$EntrySet
Event: 11.709 Loading class java/util/concurrent/ConcurrentSkipListMap$EntrySet done
Event: 11.709 Loading class java/util/concurrent/ConcurrentSkipListMap$EntryIterator
Event: 11.709 Loading class java/util/concurrent/ConcurrentSkipListMap$Iter
Event: 11.710 Loading class java/util/concurrent/ConcurrentSkipListMap$Iter done
Event: 11.710 Loading class java/util/concurrent/ConcurrentSkipListMap$EntryIterator done

Classes unloaded (7 events):
Event: 5.636 Thread 0x000001c0e81b28c0 Unloading class 0x000001c081197400 'java/lang/invoke/LambdaForm$MH+0x000001c081197400'
Event: 5.636 Thread 0x000001c0e81b28c0 Unloading class 0x000001c081197000 'java/lang/invoke/LambdaForm$MH+0x000001c081197000'
Event: 5.636 Thread 0x000001c0e81b28c0 Unloading class 0x000001c081196c00 'java/lang/invoke/LambdaForm$MH+0x000001c081196c00'
Event: 5.636 Thread 0x000001c0e81b28c0 Unloading class 0x000001c081196800 'java/lang/invoke/LambdaForm$MH+0x000001c081196800'
Event: 5.636 Thread 0x000001c0e81b28c0 Unloading class 0x000001c081196400 'java/lang/invoke/LambdaForm$BMH+0x000001c081196400'
Event: 5.636 Thread 0x000001c0e81b28c0 Unloading class 0x000001c081196000 'java/lang/invoke/LambdaForm$DMH+0x000001c081196000'
Event: 5.636 Thread 0x000001c0e81b28c0 Unloading class 0x000001c081194c00 'java/lang/invoke/LambdaForm$DMH+0x000001c081194c00'

Classes redefined (0 events):
No events

Internal exceptions (20 events):
Event: 9.441 Thread 0x000001c0ef3b90c0 Exception <a 'sun/nio/fs/WindowsException'{0x00000000ebe3ff38}> (0x00000000ebe3ff38) 
thrown [s\src\hotspot\share\prims\jni.cpp, line 520]
Event: 9.441 Thread 0x000001c0ef3b90c0 Exception <a 'sun/nio/fs/WindowsException'{0x00000000ebe447c8}> (0x00000000ebe447c8) 
thrown [s\src\hotspot\share\prims\jni.cpp, line 520]
Event: 9.441 Thread 0x000001c0ef3b90c0 Exception <a 'sun/nio/fs/WindowsException'{0x00000000ebe44d78}> (0x00000000ebe44d78) 
thrown [s\src\hotspot\share\prims\jni.cpp, line 520]
Event: 9.441 Thread 0x000001c0ef3b90c0 Exception <a 'sun/nio/fs/WindowsException'{0x00000000ebe45338}> (0x00000000ebe45338) 
thrown [s\src\hotspot\share\prims\jni.cpp, line 520]
Event: 9.441 Thread 0x000001c0ef3b90c0 Exception <a 'sun/nio/fs/WindowsException'{0x00000000ebe45908}> (0x00000000ebe45908) 
thrown [s\src\hotspot\share\prims\jni.cpp, line 520]
Event: 9.441 Thread 0x000001c0ef3b90c0 Exception <a 'sun/nio/fs/WindowsException'{0x00000000ebe49a98}> (0x00000000ebe49a98) 
thrown [s\src\hotspot\share\prims\jni.cpp, line 520]
Event: 9.442 Thread 0x000001c0ef3b90c0 Exception <a 'sun/nio/fs/WindowsException'{0x00000000ebe4a048}> (0x00000000ebe4a048) 
thrown [s\src\hotspot\share\prims\jni.cpp, line 520]
Event: 9.442 Thread 0x000001c0ef3b90c0 Exception <a 'sun/nio/fs/WindowsException'{0x00000000ebe4a608}> (0x00000000ebe4a608) 
thrown [s\src\hotspot\share\prims\jni.cpp, line 520]
Event: 9.442 Thread 0x000001c0ef3b90c0 Exception <a 'sun/nio/fs/WindowsException'{0x00000000ebe4abd8}> (0x00000000ebe4abd8) 
thrown [s\src\hotspot\share\prims\jni.cpp, line 520]
Event: 9.442 Thread 0x000001c0ef3b90c0 Exception <a 'sun/nio/fs/WindowsException'{0x00000000ebe4f308}> (0x00000000ebe4f308) 
thrown [s\src\hotspot\share\prims\jni.cpp, line 520]
Event: 9.442 Thread 0x000001c0ef3b90c0 Exception <a 'sun/nio/fs/WindowsException'{0x00000000ebe4f8b8}> (0x00000000ebe4f8b8) 
thrown [s\src\hotspot\share\prims\jni.cpp, line 520]
Event: 9.442 Thread 0x000001c0ef3b90c0 Exception <a 'sun/nio/fs/WindowsException'{0x00000000ebe4fe78}> (0x00000000ebe4fe78) 
thrown [s\src\hotspot\share\prims\jni.cpp, line 520]
Event: 9.442 Thread 0x000001c0ef3b90c0 Exception <a 'sun/nio/fs/WindowsException'{0x00000000ebe50448}> (0x00000000ebe50448) 
thrown [s\src\hotspot\share\prims\jni.cpp, line 520]
Event: 9.585 Thread 0x000001c0ef3b90c0 Exception <a 'java/lang/NoSuchMethodError'{0x00000000ebfd1218}: 'java.lang.Object java.lang.invoke.DirectMethodHandle$Holder.invokeVirtual(java.lang.Object, java.lang.Object, java.lang.Object, java.lang.Object)'> (0x00000000ebfd1218) 
thrown [s\src\hotspot\share\interpreter\linkResolver.cpp, line 773]
Event: 9.596 Thread 0x000001c0ef3b90c0 Exception <a 'java/lang/NoSuchMethodError'{0x00000000eab09fd8}: 'java.lang.Object java.lang.invoke.DirectMethodHandle$Holder.invokeVirtual(java.lang.Object, java.lang.Object, java.lang.Object, java.lang.Object, java.lang.Object)'> (0x00000000eab09fd8) 
thrown [s\src\hotspot\share\interpreter\linkResolver.cpp, line 773]
Event: 10.252 Thread 0x000001c0f16e2810 Exception <a 'java/lang/NoSuchMethodError'{0x00000000eaecc090}: 'java.lang.Object java.lang.invoke.DirectMethodHandle$Holder.invokeVirtual(java.lang.Object, java.lang.Object, java.lang.Object, java.lang.Object, java.lang.Object, java.lang.Object, java.lang.Object)'> (0x00000000eaecc090) 
thrown [s\src\hotspot\share\interpreter\linkResolver.cpp, line 773]
Event: 11.373 Thread 0x000001c0f16e2810 Exception <a 'java/lang/NoSuchMethodError'{0x00000000eb8ee0b8}: 'java.lang.Object java.lang.invoke.DirectMethodHandle$Holder.invokeVirtual(java.lang.Object, java.lang.Object, java.lang.Object, java.lang.Object, java.lang.Object, java.lang.Object)'> (0x00000000eb8ee0b8) 
thrown [s\src\hotspot\share\interpreter\linkResolver.cpp, line 773]
Event: 11.521 Thread 0x000001c0f16e2810 Exception <a 'java/lang/NoClassDefFoundError'{0x00000000eb374a68}: org/slf4j/impl/StaticMarkerBinder> (0x00000000eb374a68) 
thrown [s\src\hotspot\share\classfile\systemDictionary.cpp, line 301]
Event: 11.713 Thread 0x000001c0f16e2810 Exception <a 'java/lang/NoSuchMethodError'{0x00000000eb11dde8}: 'java.lang.Object java.lang.invoke.DirectMethodHandle$Holder.invokeVirtual(java.lang.Object, java.lang.Object, java.lang.Object, java.lang.Object, java.lang.Object, java.lang.Object, java.lang.Object, java.lang.Object)'> (0x00000000eb11dde8) 
thrown [s\src\hotspot\share\interpreter\linkResolver.cpp, line 773]
Event: 11.756 Thread 0x000001c0f16e2810 Exception <a 'java/lang/NoSuchMethodError'{0x00000000eb7b9b88}: 'java.lang.Object java.lang.invoke.DirectMethodHandle$Holder.invokeVirtual(java.lang.Object, java.lang.Object, java.lang.Object, java.lang.Object, java.lang.Object, java.lang.Object, java.lang.Object, java.lang.Object, java.lang.Object)'> (0x00000000eb7b9b88) 
thrown [s\src\hotspot\share\interpreter\linkResolver.cpp, line 773]

ZGC Phase Switch (0 events):
No events

VM Operations (20 events):
Event: 11.348 Executing VM operation: HandshakeAllThreads (Deoptimize)
Event: 11.349 Executing VM operation: HandshakeAllThreads (Deoptimize) done
Event: 11.354 Executing VM operation: HandshakeAllThreads (Deoptimize)
Event: 11.354 Executing VM operation: HandshakeAllThreads (Deoptimize) done
Event: 11.377 Executing VM operation: ParallelGCFailedAllocation (Allocation Failure)
Event: 11.383 Executing VM operation: ParallelGCFailedAllocation (Allocation Failure) done
Event: 11.437 Executing VM operation: ParallelGCFailedAllocation (Allocation Failure)
Event: 11.440 Executing VM operation: ParallelGCFailedAllocation (Allocation Failure) done
Event: 11.492 Executing VM operation: ParallelGCFailedAllocation (Allocation Failure)
Event: 11.497 Executing VM operation: ParallelGCFailedAllocation (Allocation Failure) done
Event: 11.537 Executing VM operation: ParallelGCFailedAllocation (Allocation Failure)
Event: 11.540 Executing VM operation: ParallelGCFailedAllocation (Allocation Failure) done
Event: 11.590 Executing VM operation: ParallelGCFailedAllocation (Allocation Failure)
Event: 11.594 Executing VM operation: ParallelGCFailedAllocation (Allocation Failure) done
Event: 11.604 Executing VM operation: HandshakeAllThreads (Deoptimize)
Event: 11.604 Executing VM operation: HandshakeAllThreads (Deoptimize) done
Event: 11.671 Executing VM operation: ParallelGCFailedAllocation (Allocation Failure)
Event: 11.676 Executing VM operation: ParallelGCFailedAllocation (Allocation Failure) done
Event: 11.765 Executing VM operation: ParallelGCFailedAllocation (Allocation Failure)
Event: 11.770 Executing VM operation: ParallelGCFailedAllocation (Allocation Failure) done

Memory protections (0 events):
No events

Nmethod flushes (20 events):
Event: 6.922 Thread 0x000001c0e81b28c0 flushing  nmethod 0x000001c0d7775110
Event: 6.922 Thread 0x000001c0e81b28c0 flushing  nmethod 0x000001c0d7775a10
Event: 6.922 Thread 0x000001c0e81b28c0 flushing  nmethod 0x000001c0d7776c10
Event: 6.922 Thread 0x000001c0e81b28c0 flushing  nmethod 0x000001c0d7777410
Event: 6.922 Thread 0x000001c0e81b28c0 flushing  nmethod 0x000001c0d7777810
Event: 6.922 Thread 0x000001c0e81b28c0 flushing  nmethod 0x000001c0d7777f90
Event: 6.922 Thread 0x000001c0e81b28c0 flushing  nmethod 0x000001c0d7779510
Event: 6.922 Thread 0x000001c0e81b28c0 flushing  nmethod 0x000001c0d777a090
Event: 6.922 Thread 0x000001c0e81b28c0 flushing  nmethod 0x000001c0d777ae10
Event: 6.922 Thread 0x000001c0e81b28c0 flushing  nmethod 0x000001c0d777bb10
Event: 6.922 Thread 0x000001c0e81b28c0 flushing  nmethod 0x000001c0d777bf10
Event: 6.922 Thread 0x000001c0e81b28c0 flushing  nmethod 0x000001c0d777c790
Event: 6.922 Thread 0x000001c0e81b28c0 flushing  nmethod 0x000001c0d777d710
Event: 6.922 Thread 0x000001c0e81b28c0 flushing  nmethod 0x000001c0d777ed90
Event: 6.922 Thread 0x000001c0e81b28c0 flushing  nmethod 0x000001c0d778aa10
Event: 6.922 Thread 0x000001c0e81b28c0 flushing  nmethod 0x000001c0d77a5f10
Event: 6.922 Thread 0x000001c0e81b28c0 flushing  nmethod 0x000001c0d77a7390
Event: 6.922 Thread 0x000001c0e81b28c0 flushing  nmethod 0x000001c0d77acc10
Event: 6.922 Thread 0x000001c0e81b28c0 flushing  nmethod 0x000001c0d77b6390
Event: 6.922 Thread 0x000001c0e81b28c0 flushing  nmethod 0x000001c0d77ce010

Events (20 events):
Event: 6.525 Thread 0x000001c0ef3b9750 Thread added: 0x000001c0ef3b90c0
Event: 6.600 Thread 0x000001c0ef3b90c0 Thread added: 0x000001c0ef3b9de0
Event: 6.606 Thread 0x000001c0ef3b9de0 Thread added: 0x000001c0f16e48e0
Event: 6.653 Thread 0x000001c0d3cbd650 Thread added: 0x000001c0f16e4f70
Event: 6.655 Thread 0x000001c0d3cbd650 Thread added: 0x000001c0f16e4250
Event: 6.655 Thread 0x000001c0d3cbd650 Thread added: 0x000001c0f16e1af0
Event: 6.656 Thread 0x000001c0d3cbd650 Thread added: 0x000001c0f16e5600
Event: 6.656 Thread 0x000001c0d3cbd650 Thread added: 0x000001c0f16e2180
Event: 6.656 Thread 0x000001c0d3cbd650 Thread added: 0x000001c0f16e5c90
Event: 6.656 Thread 0x000001c0d3cbd650 Thread added: 0x000001c0f16e6320
Event: 6.656 Thread 0x000001c0d3cbd650 Thread added: 0x000001c0f16e3530
Event: 6.657 Thread 0x000001c0d3cbd650 Thread added: 0x000001c0f16e69b0
Event: 6.674 Thread 0x000001c0f16e48e0 Thread added: 0x000001c0f16e7040
Event: 6.694 Thread 0x000001c0d3cbd650 Thread added: 0x000001c0f16e76d0
Event: 7.066 Thread 0x000001c0d3cbd650 Thread added: 0x000001c0f16e9110
Event: 7.067 Thread 0x000001c0d3cbd650 Thread added: 0x000001c0f16e7d60
Event: 7.177 Thread 0x000001c0ef3b9750 Thread added: 0x000001c0f16e3bc0
Event: 9.521 Thread 0x000001c0ef3b90c0 Thread added: 0x000001c0f16e83f0
Event: 9.700 Thread 0x000001c0ef3b90c0 Thread added: 0x000001c0f16e2810
Event: 10.614 Thread 0x000001c0ee971900 Thread exited: 0x000001c0ee971900


Dynamic libraries:
0x00007ff6bd5f0000 - 0x00007ff6bd5fe000 	c:\Users\hp\.vscode\extensions\redhat.java-1.39.0-win32-x64\jre\21.0.5-win32-x86_64\bin\java.exe
0x00007ffe49390000 - 0x00007ffe495a7000 	C:\Windows\SYSTEM32\ntdll.dll
0x00007ffe47710000 - 0x00007ffe477d4000 	C:\Windows\System32\KERNEL32.DLL
0x00007ffe469a0000 - 0x00007ffe46d5a000 	C:\Windows\System32\KERNELBASE.dll
0x00007ffe46ed0000 - 0x00007ffe46fe1000 	C:\Windows\System32\ucrtbase.dll
0x00007ffe0f990000 - 0x00007ffe0f9a8000 	c:\Users\hp\.vscode\extensions\redhat.java-1.39.0-win32-x64\jre\21.0.5-win32-x86_64\bin\jli.dll
0x00007ffe47120000 - 0x00007ffe472ce000 	C:\Windows\System32\USER32.dll
0x00007ffe0f460000 - 0x00007ffe0f47e000 	c:\Users\hp\.vscode\extensions\redhat.java-1.39.0-win32-x64\jre\21.0.5-win32-x86_64\bin\VCRUNTIME140.dll
0x00007ffe46660000 - 0x00007ffe46686000 	C:\Windows\System32\win32u.dll
0x00007ffe20b60000 - 0x00007ffe20df2000 	C:\Windows\WinSxS\amd64_microsoft.windows.common-controls_6595b64144ccf1df_6.0.22621.4541_none_2710d1c57384c085\COMCTL32.dll
0x00007ffe48060000 - 0x00007ffe48089000 	C:\Windows\System32\GDI32.dll
0x00007ffe46880000 - 0x00007ffe4699b000 	C:\Windows\System32\gdi32full.dll
0x00007ffe46ff0000 - 0x00007ffe4708a000 	C:\Windows\System32\msvcp_win.dll
0x00007ffe47410000 - 0x00007ffe474b7000 	C:\Windows\System32\msvcrt.dll
0x00007ffe476d0000 - 0x00007ffe47701000 	C:\Windows\System32\IMM32.DLL
0x00007ffe3c400000 - 0x00007ffe3c40c000 	c:\Users\hp\.vscode\extensions\redhat.java-1.39.0-win32-x64\jre\21.0.5-win32-x86_64\bin\vcruntime140_1.dll
0x00007ffdf98b0000 - 0x00007ffdf993d000 	c:\Users\hp\.vscode\extensions\redhat.java-1.39.0-win32-x64\jre\21.0.5-win32-x86_64\bin\msvcp140.dll
0x00007ffdb7960000 - 0x00007ffdb86ef000 	c:\Users\hp\.vscode\extensions\redhat.java-1.39.0-win32-x64\jre\21.0.5-win32-x86_64\bin\server\jvm.dll
0x00007ffe475c0000 - 0x00007ffe47672000 	C:\Windows\System32\ADVAPI32.dll
0x00007ffe492a0000 - 0x00007ffe49347000 	C:\Windows\System32\sechost.dll
0x00007ffe46ea0000 - 0x00007ffe46ec8000 	C:\Windows\System32\bcrypt.dll
0x00007ffe48090000 - 0x00007ffe481a4000 	C:\Windows\System32\RPCRT4.dll
0x00007ffe49220000 - 0x00007ffe49291000 	C:\Windows\System32\WS2_32.dll
0x00007ffe46530000 - 0x00007ffe4657d000 	C:\Windows\SYSTEM32\POWRPROF.dll
0x00007ffe3d990000 - 0x00007ffe3d9c4000 	C:\Windows\SYSTEM32\WINMM.dll
0x00007ffe317d0000 - 0x00007ffe317da000 	C:\Windows\SYSTEM32\VERSION.dll
0x00007ffe46460000 - 0x00007ffe46473000 	C:\Windows\SYSTEM32\UMPDC.dll
0x00007ffe45660000 - 0x00007ffe45678000 	C:\Windows\SYSTEM32\kernel.appcore.dll
0x00007ffe29200000 - 0x00007ffe2920a000 	c:\Users\hp\.vscode\extensions\redhat.java-1.39.0-win32-x64\jre\21.0.5-win32-x86_64\bin\jimage.dll
0x00007ffe440e0000 - 0x00007ffe44312000 	C:\Windows\SYSTEM32\DBGHELP.DLL
0x00007ffe485c0000 - 0x00007ffe4894f000 	C:\Windows\System32\combase.dll
0x00007ffe484e0000 - 0x00007ffe485b7000 	C:\Windows\System32\OLEAUT32.dll
0x00007ffe2b6c0000 - 0x00007ffe2b6f2000 	C:\Windows\SYSTEM32\dbgcore.DLL
0x00007ffe46800000 - 0x00007ffe4687b000 	C:\Windows\System32\bcryptPrimitives.dll
0x00007ffe1d680000 - 0x00007ffe1d68f000 	c:\Users\hp\.vscode\extensions\redhat.java-1.39.0-win32-x64\jre\21.0.5-win32-x86_64\bin\instrument.dll
0x00007ffe0f2d0000 - 0x00007ffe0f2ef000 	c:\Users\hp\.vscode\extensions\redhat.java-1.39.0-win32-x64\jre\21.0.5-win32-x86_64\bin\java.dll
0x00007ffe477e0000 - 0x00007ffe48058000 	C:\Windows\System32\SHELL32.dll
0x00007ffe44550000 - 0x00007ffe44e58000 	C:\Windows\SYSTEM32\windows.storage.dll
0x00007ffe44410000 - 0x00007ffe4454f000 	C:\Windows\SYSTEM32\wintypes.dll
0x00007ffe474c0000 - 0x00007ffe475ba000 	C:\Windows\System32\SHCORE.dll
0x00007ffe48970000 - 0x00007ffe489ce000 	C:\Windows\System32\shlwapi.dll
0x00007ffe46590000 - 0x00007ffe465bb000 	C:\Windows\SYSTEM32\profapi.dll
0x00007ffe0f0d0000 - 0x00007ffe0f0e8000 	c:\Users\hp\.vscode\extensions\redhat.java-1.39.0-win32-x64\jre\21.0.5-win32-x86_64\bin\zip.dll
0x00007ffe23300000 - 0x00007ffe23310000 	C:\Users\hp\.vscode\extensions\redhat.java-1.39.0-win32-x64\jre\21.0.5-win32-x86_64\bin\net.dll
0x00007ffe3f780000 - 0x00007ffe3f8b6000 	C:\Windows\SYSTEM32\WINHTTP.dll
0x00007ffe45ad0000 - 0x00007ffe45b39000 	C:\Windows\system32\mswsock.dll
0x00007ffe0ec10000 - 0x00007ffe0ec26000 	C:\Users\hp\.vscode\extensions\redhat.java-1.39.0-win32-x64\jre\21.0.5-win32-x86_64\bin\nio.dll
0x00007ffe1d400000 - 0x00007ffe1d410000 	c:\Users\hp\.vscode\extensions\redhat.java-1.39.0-win32-x64\jre\21.0.5-win32-x86_64\bin\verify.dll
0x00007ffdffc90000 - 0x00007ffdffcd5000 	C:\Users\hp\AppData\Roaming\Code\User\globalStorage\redhat.java\1.39.0\config_win\org.eclipse.equinox.launcher\org.eclipse.equinox.launcher.win32.win32.x86_64_1.2.1100.v20240722-2106\eclipse_11904.dll
0x00007ffe481b0000 - 0x00007ffe48355000 	C:\Windows\System32\ole32.dll
0x00007ffe45e20000 - 0x00007ffe45e3b000 	C:\Windows\SYSTEM32\CRYPTSP.dll
0x00007ffe455c0000 - 0x00007ffe455f5000 	C:\Windows\system32\rsaenh.dll
0x00007ffe45b70000 - 0x00007ffe45b98000 	C:\Windows\SYSTEM32\USERENV.dll
0x00007ffe45e00000 - 0x00007ffe45e0c000 	C:\Windows\SYSTEM32\CRYPTBASE.dll
0x00007ffe450c0000 - 0x00007ffe450ed000 	C:\Windows\SYSTEM32\IPHLPAPI.DLL
0x00007ffe48360000 - 0x00007ffe48369000 	C:\Windows\System32\NSI.dll
0x00007ffe01470000 - 0x00007ffe014b9000 	C:\Users\hp\AppData\Local\Temp\jna-3336\jna5097906883078113788.dll
0x00007ffe48d80000 - 0x00007ffe48d88000 	C:\Windows\System32\PSAPI.DLL
0x00007ffe3f6b0000 - 0x00007ffe3f6c9000 	C:\Windows\SYSTEM32\dhcpcsvc6.DLL
0x00007ffe3f660000 - 0x00007ffe3f67f000 	C:\Windows\SYSTEM32\dhcpcsvc.DLL
0x00007ffe3e750000 - 0x00007ffe3e777000 	C:\Users\hp\.gradle\native\68d5fa5c4cc2d200863cafc0d521ce42e7d3e7ee720ec0a83991735586a16f82\windows-amd64\native-platform.dll
0x00007ffe21010000 - 0x00007ffe2101a000 	C:\Users\hp\.vscode\extensions\redhat.java-1.39.0-win32-x64\jre\21.0.5-win32-x86_64\bin\management.dll
0x00007ffe20a80000 - 0x00007ffe20a8b000 	C:\Users\hp\.vscode\extensions\redhat.java-1.39.0-win32-x64\jre\21.0.5-win32-x86_64\bin\management_ext.dll

dbghelp: loaded successfully - version: 4.0.5 - missing functions: none
symbol engine: initialized successfully - sym options: 0x614 - pdb path: .;c:\Users\hp\.vscode\extensions\redhat.java-1.39.0-win32-x64\jre\21.0.5-win32-x86_64\bin;C:\Windows\SYSTEM32;C:\Windows\WinSxS\amd64_microsoft.windows.common-controls_6595b64144ccf1df_6.0.22621.4541_none_2710d1c57384c085;c:\Users\hp\.vscode\extensions\redhat.java-1.39.0-win32-x64\jre\21.0.5-win32-x86_64\bin\server;C:\Users\hp\AppData\Roaming\Code\User\globalStorage\redhat.java\1.39.0\config_win\org.eclipse.equinox.launcher\org.eclipse.equinox.launcher.win32.win32.x86_64_1.2.1100.v20240722-2106;C:\Users\hp\AppData\Local\Temp\jna-3336;C:\Users\hp\.gradle\native\68d5fa5c4cc2d200863cafc0d521ce42e7d3e7ee720ec0a83991735586a16f82\windows-amd64

VM Arguments:
jvm_args: --add-modules=ALL-SYSTEM --add-opens=java.base/java.util=ALL-UNNAMED --add-opens=java.base/java.lang=ALL-UNNAMED --add-opens=java.base/sun.nio.fs=ALL-UNNAMED -Declipse.application=org.eclipse.jdt.ls.core.id1 -Dosgi.bundles.defaultStartLevel=4 -Declipse.product=org.eclipse.jdt.ls.core.product -Djava.import.generatesMetadataFilesAtProjectRoot=false -DDetectVMInstallationsJob.disabled=true -Dfile.encoding=utf8 -XX:+UseParallelGC -XX:GCTimeRatio=4 -XX:AdaptiveSizePolicyWeight=90 -Dsun.zip.disableMemoryMapping=true -Xmx1G -Xms100m -Xlog:disable -javaagent:c:\Users\hp\.vscode\extensions\redhat.java-1.39.0-win32-x64\lombok\lombok-1.18.34.jar -XX:+HeapDumpOnOutOfMemoryError -XX:HeapDumpPath=c:\Users\hp\AppData\Roaming\Code\User\workspaceStorage\339ccd3595cb479c008a72b9d09184c8\redhat.java -Daether.dependencyCollector.impl=bf 
java_command: c:\Users\hp\.vscode\extensions\redhat.java-1.39.0-win32-x64\server\plugins\org.eclipse.equinox.launcher_1.6.900.v20240613-2009.jar -configuration c:\Users\hp\AppData\Roaming\Code\User\globalStorage\redhat.java\1.39.0\config_win -data c:\Users\hp\AppData\Roaming\Code\User\workspaceStorage\339ccd3595cb479c008a72b9d09184c8\redhat.java\jdt_ws --pipe=\\.\pipe\lsp-dfb10874020bab5d5ff76b538f750b41-sock
java_class_path (initial): c:\Users\hp\.vscode\extensions\redhat.java-1.39.0-win32-x64\server\plugins\org.eclipse.equinox.launcher_1.6.900.v20240613-2009.jar
Launcher Type: SUN_STANDARD

[Global flags]
    uintx AdaptiveSizePolicyWeight                 = 90                                        {product} {command line}
     intx CICompilerCount                          = 4                                         {product} {ergonomic}
    uintx GCTimeRatio                              = 4                                         {product} {command line}
     bool HeapDumpOnOutOfMemoryError               = true                                   {manageable} {command line}
    ccstr HeapDumpPath                             = c:\Users\hp\AppData\Roaming\Code\User\workspaceStorage\339ccd3595cb479c008a72b9d09184c8\redhat.java         {manageable} {command line}
   size_t InitialHeapSize                          = 104857600                                 {product} {command line}
   size_t MaxHeapSize                              = 1073741824                                {product} {command line}
   size_t MaxNewSize                               = 357564416                                 {product} {ergonomic}
   size_t MinHeapDeltaBytes                        = 524288                                    {product} {ergonomic}
   size_t MinHeapSize                              = 104857600                                 {product} {command line}
   size_t NewSize                                  = 34603008                                  {product} {ergonomic}
    uintx NonNMethodCodeHeapSize                   = 5839372                                {pd product} {ergonomic}
    uintx NonProfiledCodeHeapSize                  = 122909434                              {pd product} {ergonomic}
   size_t OldSize                                  = 70254592                                  {product} {ergonomic}
    uintx ProfiledCodeHeapSize                     = 122909434                              {pd product} {ergonomic}
    uintx ReservedCodeCacheSize                    = 251658240                              {pd product} {ergonomic}
     bool SegmentedCodeCache                       = true                                      {product} {ergonomic}
   size_t SoftMaxHeapSize                          = 1073741824                             {manageable} {ergonomic}
     bool UseCompressedOops                        = true                           {product lp64_product} {ergonomic}
     bool UseLargePagesIndividualAllocation        = false                                  {pd product} {ergonomic}
     bool UseParallelGC                            = true                                      {product} {command line}

Logging:
Log output configuration:
 #0: stdout all=off uptime,level,tags foldmultilines=false
 #1: stderr all=off uptime,level,tags foldmultilines=false

Environment Variables:
JAVA_HOME=C:\Program Files\Microsoft\jdk-17.0.13.11-hotspot\
PATH=C:\Program Files\Microsoft\jdk-17.0.13.11-hotspot\bin;C:\Program Files\Common Files\Oracle\Java\javapath;C:\Windows\system32;C:\Windows;C:\Windows\System32\Wbem;C:\Windows\System32\WindowsPowerShell\v1.0\;C:\Windows\System32\OpenSSH\;C:\ProgramData\chocolatey\bin;C:\Program Files\Git\cmd;C:\Program Files\nodejs\;C:\Users\hp\AppData\Local\Android\Sdk\platform-tools;C:\Users\hp\.javacpp\cache\javacpp-1.5.9-windows-x86_64.jar\org\bytedeco\javacpp\windows-x86_64;C:\Users\hp\AppData\Local\Programs\Microsoft VS Code\bin;C:\Users\hp\AppData\Roaming\npm;C:\Users\hp\AppData\Local\Android\Sdk\platform-tools;
USERNAME=hp
OS=Windows_NT
PROCESSOR_IDENTIFIER=Intel64 Family 6 Model 154 Stepping 4, GenuineIntel
TMP=C:\Users\hp\AppData\Local\Temp
TEMP=C:\Users\hp\AppData\Local\Temp




Periodic native trim disabled

---------------  S Y S T E M  ---------------

OS:
 Windows 11 , 64 bit Build 22621 (10.0.22621.4391)
OS uptime: 1 days 4:52 hours
Hyper-V role detected

CPU: total 8 (initial active 8) (4 cores per cpu, 2 threads per core) family 6 model 154 stepping 4 microcode 0x432, cx8, cmov, fxsr, ht, mmx, 3dnowpref, sse, sse2, sse3, ssse3, sse4.1, sse4.2, popcnt, lzcnt, tsc, tscinvbit, avx, avx2, aes, erms, clmul, bmi1, bmi2, adx, sha, fma, vzeroupper, clflush, clflushopt, clwb, hv, serialize, rdtscp, rdpid, fsrm, f16c, cet_ibt, cet_ss
Processor Information for processor 0
  Max Mhz: 1200, Current Mhz: 1200, Mhz Limit: 1200
Processor Information for processor 1
  Max Mhz: 1200, Current Mhz: 1200, Mhz Limit: 1200
Processor Information for processor 2
  Max Mhz: 1200, Current Mhz: 1200, Mhz Limit: 1200
Processor Information for processor 3
  Max Mhz: 1200, Current Mhz: 1200, Mhz Limit: 1200
Processor Information for processor 4
  Max Mhz: 1200, Current Mhz: 900, Mhz Limit: 900
Processor Information for processor 5
  Max Mhz: 1200, Current Mhz: 900, Mhz Limit: 900
Processor Information for processor 6
  Max Mhz: 1200, Current Mhz: 900, Mhz Limit: 900
Processor Information for processor 7
  Max Mhz: 1200, Current Mhz: 900, Mhz Limit: 900

Memory: 4k page, system-wide physical 7865M (262M free)
TotalPageFile size 16985M (AvailPageFile size 5M)
current process WorkingSet (physical memory assigned to process): 472M, peak: 474M
current process commit charge ("private bytes"): 478M, peak: 479M

vm_info: OpenJDK 64-Bit Server VM (21.0.5+11-LTS) for windows-amd64 JRE (21.0.5+11-LTS), built on 2024-10-15T00:00:00Z by "admin" with MS VC++ 17.7 (VS2022)

END.
