#
# There is insufficient memory for the Java Runtime Environment to continue.
# Native memory allocation (malloc) failed to allocate 1376976 bytes. Error detail: Chunk::new
# Possible reasons:
#   The system is out of physical RAM or swap space
#   This process is running with CompressedOops enabled, and the Java Heap may be blocking the growth of the native heap
# Possible solutions:
#   Reduce memory load on the system
#   Increase physical memory or swap space
#   Check if swap backing store is full
#   Decrease Java heap size (-Xmx/-Xms)
#   Decrease number of Java threads
#   Decrease Java thread stack sizes (-Xss)
#   Set larger code cache with -XX:ReservedCodeCacheSize=
#   JVM is running with Unscaled Compressed Oops mode in which the Java heap is
#     placed in the first 4GB address space. The Java Heap base address is the
#     maximum limit for the native heap growth. Please use -XX:HeapBaseMinAddress
#     to set the Java Heap base and to place the Java Heap above 4GB virtual address.
# This output file may be truncated or incomplete.
#
#  Out of Memory Error (arena.cpp:191), pid=13508, tid=20300
#
# JRE version: OpenJDK Runtime Environment Microsoft-10376486 (17.0.13+11) (build 17.0.13+11-LTS)
# Java VM: OpenJDK 64-Bit Server VM Microsoft-10376486 (17.0.13+11-LTS, mixed mode, sharing, tiered, compressed oops, compressed class ptrs, g1 gc, windows-amd64)
# No core dump will be written. Minidumps are not enabled by default on client versions of Windows
#

---------------  S U M M A R Y ------------

Command Line: -Xmx64m -Xms64m -Dorg.gradle.appname=gradlew org.gradle.wrapper.GradleWrapperMain app:installDebug -PreactNativeDevServerPort=8081

Host: 12th Gen Intel(R) Core(TM) i3-1215U, 8 cores, 7G,  Windows 11 , 64 bit Build 22621 (10.0.22621.4391)
Time: Tue Jan 28 16:43:17 2025 India Standard Time elapsed time: 69.982048 seconds (0d 0h 1m 9s)

---------------  T H R E A D  ---------------

Current thread (0x000001c418bde420):  JavaThread "C2 CompilerThread0" daemon [_thread_in_native, id=20300, stack(0x00000098d6a00000,0x00000098d6b00000)]


Current CompileTask:
C2:  69982 1820       4       org.gradle.internal.logging.text.AbstractLineChoppingStyledTextOutput::doAppend (43 bytes)

Stack: [0x00000098d6a00000,0x00000098d6b00000]
Native frames: (J=compiled Java code, j=interpreted, Vv=VM code, C=native code)
V  [jvm.dll+0x687fc9]
V  [jvm.dll+0x83eeb8]
V  [jvm.dll+0x840963]
V  [jvm.dll+0x840fd3]
V  [jvm.dll+0x24951f]
V  [jvm.dll+0xad0c4]
V  [jvm.dll+0xad75c]
V  [jvm.dll+0x36aaaf]
V  [jvm.dll+0x335153]
V  [jvm.dll+0x3345ea]
V  [jvm.dll+0x21a748]
V  [jvm.dll+0x219b7f]
V  [jvm.dll+0x1a5506]
V  [jvm.dll+0x22a1ca]
V  [jvm.dll+0x22830b]
V  [jvm.dll+0x7f4708]
V  [jvm.dll+0x7eea6c]
V  [jvm.dll+0x686ea7]
C  [ucrtbase.dll+0x29333]
C  [KERNEL32.DLL+0x1259d]
C  [ntdll.dll+0x5af38]


---------------  P R O C E S S  ---------------

Threads class SMR info:
_java_thread_list=0x000001c45ef6d2e0, length=13, elements={
0x000001c47db0d990, 0x000001c47dbb4730, 0x000001c47dbb53b0, 0x000001c418bdacf0,
0x000001c418bdc5d0, 0x000001c418bdcea0, 0x000001c418bdd770, 0x000001c418bde420,
0x000001c418be0590, 0x000001c418be2eb0, 0x000001c45e065240, 0x000001c45e06bdf0,
0x000001c45eaf6390
}

Java Threads: ( => current thread )
  0x000001c47db0d990 JavaThread "main" [_thread_in_native, id=18632, stack(0x00000098d5d00000,0x00000098d5e00000)]
  0x000001c47dbb4730 JavaThread "Reference Handler" daemon [_thread_blocked, id=19424, stack(0x00000098d6400000,0x00000098d6500000)]
  0x000001c47dbb53b0 JavaThread "Finalizer" daemon [_thread_blocked, id=17532, stack(0x00000098d6500000,0x00000098d6600000)]
  0x000001c418bdacf0 JavaThread "Signal Dispatcher" daemon [_thread_blocked, id=10644, stack(0x00000098d6600000,0x00000098d6700000)]
  0x000001c418bdc5d0 JavaThread "Attach Listener" daemon [_thread_blocked, id=19428, stack(0x00000098d6700000,0x00000098d6800000)]
  0x000001c418bdcea0 JavaThread "Service Thread" daemon [_thread_blocked, id=18568, stack(0x00000098d6800000,0x00000098d6900000)]
  0x000001c418bdd770 JavaThread "Monitor Deflation Thread" daemon [_thread_blocked, id=16008, stack(0x00000098d6900000,0x00000098d6a00000)]
=>0x000001c418bde420 JavaThread "C2 CompilerThread0" daemon [_thread_in_native, id=20300, stack(0x00000098d6a00000,0x00000098d6b00000)]
  0x000001c418be0590 JavaThread "C1 CompilerThread0" daemon [_thread_blocked, id=19800, stack(0x00000098d6b00000,0x00000098d6c00000)]
  0x000001c418be2eb0 JavaThread "Sweeper thread" daemon [_thread_blocked, id=19928, stack(0x00000098d6c00000,0x00000098d6d00000)]
  0x000001c45e065240 JavaThread "Notification Thread" daemon [_thread_blocked, id=4108, stack(0x00000098d6d00000,0x00000098d6e00000)]
  0x000001c45e06bdf0 JavaThread "Common-Cleaner" daemon [_thread_blocked, id=17348, stack(0x00000098d6f00000,0x00000098d7000000)]
  0x000001c45eaf6390 JavaThread "pool-1-thread-1" [_thread_blocked, id=18460, stack(0x00000098d7500000,0x00000098d7600000)]

Other Threads:
  0x000001c47dbae5b0 VMThread "VM Thread" [stack: 0x00000098d6300000,0x00000098d6400000] [id=19124]
  0x000001c45e067730 WatcherThread [stack: 0x00000098d6e00000,0x00000098d6f00000] [id=15256]
  0x000001c47db304e0 GCTaskThread "GC Thread#0" [stack: 0x00000098d5e00000,0x00000098d5f00000] [id=15132]
  0x000001c45eb3faf0 GCTaskThread "GC Thread#1" [stack: 0x00000098d7100000,0x00000098d7200000] [id=18484]
  0x000001c45ebfec60 GCTaskThread "GC Thread#2" [stack: 0x00000098d7200000,0x00000098d7300000] [id=20416]
  0x000001c45ea09970 GCTaskThread "GC Thread#3" [stack: 0x00000098d7300000,0x00000098d7400000] [id=4052]
  0x000001c45ea09c30 GCTaskThread "GC Thread#4" [stack: 0x00000098d7400000,0x00000098d7500000] [id=18244]
  0x000001c45eaeb240 GCTaskThread "GC Thread#5" [stack: 0x00000098d5a00000,0x00000098d5b00000] [id=19236]
  0x000001c45eaeb500 GCTaskThread "GC Thread#6" [stack: 0x00000098d5b00000,0x00000098d5c00000] [id=11992]
  0x000001c45eaeaa00 GCTaskThread "GC Thread#7" [stack: 0x00000098d5c00000,0x00000098d5d00000] [id=19864]
  0x000001c47db31b30 ConcurrentGCThread "G1 Main Marker" [stack: 0x00000098d5f00000,0x00000098d6000000] [id=11556]
  0x000001c47db32450 ConcurrentGCThread "G1 Conc#0" [stack: 0x00000098d6000000,0x00000098d6100000] [id=3676]
  0x000001c47db90390 ConcurrentGCThread "G1 Refine#0" [stack: 0x00000098d6100000,0x00000098d6200000] [id=18560]
  0x000001c47db90cc0 ConcurrentGCThread "G1 Service" [stack: 0x00000098d6200000,0x00000098d6300000] [id=9832]

Threads with active compile tasks:
C2 CompilerThread0    69998 1820       4       org.gradle.internal.logging.text.AbstractLineChoppingStyledTextOutput::doAppend (43 bytes)

VM state: not at safepoint (normal execution)

VM Mutex/Monitor currently owned by a thread: None

Heap address: 0x00000000fc000000, size: 64 MB, Compressed Oops mode: 32-bit

CDS archive(s) mapped at: [0x000001c419000000-0x000001c419bb0000-0x000001c419bb0000), size 12255232, SharedBaseAddress: 0x000001c419000000, ArchiveRelocationMode: 1.
Compressed class space mapped at: 0x000001c41a000000-0x000001c45a000000, reserved size: 1073741824
Narrow klass base: 0x000001c419000000, Narrow klass shift: 0, Narrow klass range: 0x100000000

GC Precious Log:
 CPUs: 8 total, 8 available
 Memory: 7865M
 Large Page Support: Disabled
 NUMA Support: Disabled
 Compressed Oops: Enabled (32-bit)
 Heap Region Size: 1M
 Heap Min Capacity: 64M
 Heap Initial Capacity: 64M
 Heap Max Capacity: 64M
 Pre-touch: Disabled
 Parallel Workers: 8
 Concurrent Workers: 2
 Concurrent Refinement Workers: 8
 Periodic GC: Disabled

Heap:
 garbage-first heap   total 65536K, used 15042K [0x00000000fc000000, 0x0000000100000000)
  region size 1024K, 6 young (6144K), 3 survivors (3072K)
 Metaspace       used 9698K, committed 9920K, reserved 1114112K
  class space    used 1257K, committed 1344K, reserved 1048576K

Heap Regions: E=young(eden), S=young(survivor), O=old, HS=humongous(starts), HC=humongous(continues), CS=collection set, F=free, OA=open archive, CA=closed archive, TAMS=top-at-mark-start (previous, next)
|   0|0x00000000fc000000, 0x00000000fc100000, 0x00000000fc100000|100%|HS|  |TAMS 0x00000000fc000000, 0x00000000fc000000| Complete 
|   1|0x00000000fc100000, 0x00000000fc200000, 0x00000000fc200000|100%|HC|  |TAMS 0x00000000fc100000, 0x00000000fc100000| Complete 
|   2|0x00000000fc200000, 0x00000000fc300000, 0x00000000fc300000|100%|HC|  |TAMS 0x00000000fc200000, 0x00000000fc200000| Complete 
|   3|0x00000000fc300000, 0x00000000fc400000, 0x00000000fc400000|100%|HC|  |TAMS 0x00000000fc300000, 0x00000000fc300000| Complete 
|   4|0x00000000fc400000, 0x00000000fc500000, 0x00000000fc500000|100%| O|  |TAMS 0x00000000fc400000, 0x00000000fc400000| Untracked 
|   5|0x00000000fc500000, 0x00000000fc600000, 0x00000000fc600000|100%| O|  |TAMS 0x00000000fc500000, 0x00000000fc500000| Untracked 
|   6|0x00000000fc600000, 0x00000000fc700000, 0x00000000fc700000|100%| O|  |TAMS 0x00000000fc600000, 0x00000000fc600000| Untracked 
|   7|0x00000000fc700000, 0x00000000fc800000, 0x00000000fc800000|100%| O|  |TAMS 0x00000000fc700000, 0x00000000fc700000| Untracked 
|   8|0x00000000fc800000, 0x00000000fc900000, 0x00000000fc900000|100%| O|  |TAMS 0x00000000fc800000, 0x00000000fc800000| Untracked 
|   9|0x00000000fc900000, 0x00000000fca00000, 0x00000000fca00000|100%| O|  |TAMS 0x00000000fc900000, 0x00000000fc900000| Untracked 
|  10|0x00000000fca00000, 0x00000000fca56400, 0x00000000fcb00000| 33%| O|  |TAMS 0x00000000fca00000, 0x00000000fca00000| Untracked 
|  11|0x00000000fcb00000, 0x00000000fcb00000, 0x00000000fcc00000|  0%| F|  |TAMS 0x00000000fcb00000, 0x00000000fcb00000| Untracked 
|  12|0x00000000fcc00000, 0x00000000fcc00000, 0x00000000fcd00000|  0%| F|  |TAMS 0x00000000fcc00000, 0x00000000fcc00000| Untracked 
|  13|0x00000000fcd00000, 0x00000000fcd00000, 0x00000000fce00000|  0%| F|  |TAMS 0x00000000fcd00000, 0x00000000fcd00000| Untracked 
|  14|0x00000000fce00000, 0x00000000fce00000, 0x00000000fcf00000|  0%| F|  |TAMS 0x00000000fce00000, 0x00000000fce00000| Untracked 
|  15|0x00000000fcf00000, 0x00000000fcf00000, 0x00000000fd000000|  0%| F|  |TAMS 0x00000000fcf00000, 0x00000000fcf00000| Untracked 
|  16|0x00000000fd000000, 0x00000000fd000000, 0x00000000fd100000|  0%| F|  |TAMS 0x00000000fd000000, 0x00000000fd000000| Untracked 
|  17|0x00000000fd100000, 0x00000000fd100000, 0x00000000fd200000|  0%| F|  |TAMS 0x00000000fd100000, 0x00000000fd100000| Untracked 
|  18|0x00000000fd200000, 0x00000000fd200000, 0x00000000fd300000|  0%| F|  |TAMS 0x00000000fd200000, 0x00000000fd200000| Untracked 
|  19|0x00000000fd300000, 0x00000000fd300000, 0x00000000fd400000|  0%| F|  |TAMS 0x00000000fd300000, 0x00000000fd300000| Untracked 
|  20|0x00000000fd400000, 0x00000000fd400000, 0x00000000fd500000|  0%| F|  |TAMS 0x00000000fd400000, 0x00000000fd400000| Untracked 
|  21|0x00000000fd500000, 0x00000000fd500000, 0x00000000fd600000|  0%| F|  |TAMS 0x00000000fd500000, 0x00000000fd500000| Untracked 
|  22|0x00000000fd600000, 0x00000000fd600000, 0x00000000fd700000|  0%| F|  |TAMS 0x00000000fd600000, 0x00000000fd600000| Untracked 
|  23|0x00000000fd700000, 0x00000000fd700000, 0x00000000fd800000|  0%| F|  |TAMS 0x00000000fd700000, 0x00000000fd700000| Untracked 
|  24|0x00000000fd800000, 0x00000000fd800000, 0x00000000fd900000|  0%| F|  |TAMS 0x00000000fd800000, 0x00000000fd800000| Untracked 
|  25|0x00000000fd900000, 0x00000000fd900000, 0x00000000fda00000|  0%| F|  |TAMS 0x00000000fd900000, 0x00000000fd900000| Untracked 
|  26|0x00000000fda00000, 0x00000000fda00000, 0x00000000fdb00000|  0%| F|  |TAMS 0x00000000fda00000, 0x00000000fda00000| Untracked 
|  27|0x00000000fdb00000, 0x00000000fdb00000, 0x00000000fdc00000|  0%| F|  |TAMS 0x00000000fdb00000, 0x00000000fdb00000| Untracked 
|  28|0x00000000fdc00000, 0x00000000fdc00000, 0x00000000fdd00000|  0%| F|  |TAMS 0x00000000fdc00000, 0x00000000fdc00000| Untracked 
|  29|0x00000000fdd00000, 0x00000000fdd00000, 0x00000000fde00000|  0%| F|  |TAMS 0x00000000fdd00000, 0x00000000fdd00000| Untracked 
|  30|0x00000000fde00000, 0x00000000fde00000, 0x00000000fdf00000|  0%| F|  |TAMS 0x00000000fde00000, 0x00000000fde00000| Untracked 
|  31|0x00000000fdf00000, 0x00000000fdf00000, 0x00000000fe000000|  0%| F|  |TAMS 0x00000000fdf00000, 0x00000000fdf00000| Untracked 
|  32|0x00000000fe000000, 0x00000000fe000000, 0x00000000fe100000|  0%| F|  |TAMS 0x00000000fe000000, 0x00000000fe000000| Untracked 
|  33|0x00000000fe100000, 0x00000000fe100000, 0x00000000fe200000|  0%| F|  |TAMS 0x00000000fe100000, 0x00000000fe100000| Untracked 
|  34|0x00000000fe200000, 0x00000000fe200000, 0x00000000fe300000|  0%| F|  |TAMS 0x00000000fe200000, 0x00000000fe200000| Untracked 
|  35|0x00000000fe300000, 0x00000000fe300000, 0x00000000fe400000|  0%| F|  |TAMS 0x00000000fe300000, 0x00000000fe300000| Untracked 
|  36|0x00000000fe400000, 0x00000000fe45a648, 0x00000000fe500000| 35%| S|CS|TAMS 0x00000000fe400000, 0x00000000fe400000| Complete 
|  37|0x00000000fe500000, 0x00000000fe600000, 0x00000000fe600000|100%| S|CS|TAMS 0x00000000fe500000, 0x00000000fe500000| Complete 
|  38|0x00000000fe600000, 0x00000000fe600000, 0x00000000fe700000|  0%| F|  |TAMS 0x00000000fe600000, 0x00000000fe600000| Untracked 
|  39|0x00000000fe700000, 0x00000000fe700000, 0x00000000fe800000|  0%| F|  |TAMS 0x00000000fe700000, 0x00000000fe700000| Untracked 
|  40|0x00000000fe800000, 0x00000000fe800000, 0x00000000fe900000|  0%| F|  |TAMS 0x00000000fe800000, 0x00000000fe800000| Untracked 
|  41|0x00000000fe900000, 0x00000000fea00000, 0x00000000fea00000|100%| S|CS|TAMS 0x00000000fe900000, 0x00000000fe900000| Complete 
|  42|0x00000000fea00000, 0x00000000fea00000, 0x00000000feb00000|  0%| F|  |TAMS 0x00000000fea00000, 0x00000000fea00000| Untracked 
|  43|0x00000000feb00000, 0x00000000feb00000, 0x00000000fec00000|  0%| F|  |TAMS 0x00000000feb00000, 0x00000000feb00000| Untracked 
|  44|0x00000000fec00000, 0x00000000fec00000, 0x00000000fed00000|  0%| F|  |TAMS 0x00000000fec00000, 0x00000000fec00000| Untracked 
|  45|0x00000000fed00000, 0x00000000fed00000, 0x00000000fee00000|  0%| F|  |TAMS 0x00000000fed00000, 0x00000000fed00000| Untracked 
|  46|0x00000000fee00000, 0x00000000fee00000, 0x00000000fef00000|  0%| F|  |TAMS 0x00000000fee00000, 0x00000000fee00000| Untracked 
|  47|0x00000000fef00000, 0x00000000fef00000, 0x00000000ff000000|  0%| F|  |TAMS 0x00000000fef00000, 0x00000000fef00000| Untracked 
|  48|0x00000000ff000000, 0x00000000ff000000, 0x00000000ff100000|  0%| F|  |TAMS 0x00000000ff000000, 0x00000000ff000000| Untracked 
|  49|0x00000000ff100000, 0x00000000ff100000, 0x00000000ff200000|  0%| F|  |TAMS 0x00000000ff100000, 0x00000000ff100000| Untracked 
|  50|0x00000000ff200000, 0x00000000ff200000, 0x00000000ff300000|  0%| F|  |TAMS 0x00000000ff200000, 0x00000000ff200000| Untracked 
|  51|0x00000000ff300000, 0x00000000ff300000, 0x00000000ff400000|  0%| F|  |TAMS 0x00000000ff300000, 0x00000000ff300000| Untracked 
|  52|0x00000000ff400000, 0x00000000ff400000, 0x00000000ff500000|  0%| F|  |TAMS 0x00000000ff400000, 0x00000000ff400000| Untracked 
|  53|0x00000000ff500000, 0x00000000ff500000, 0x00000000ff600000|  0%| F|  |TAMS 0x00000000ff500000, 0x00000000ff500000| Untracked 
|  54|0x00000000ff600000, 0x00000000ff600000, 0x00000000ff700000|  0%| F|  |TAMS 0x00000000ff600000, 0x00000000ff600000| Untracked 
|  55|0x00000000ff700000, 0x00000000ff700000, 0x00000000ff800000|  0%| F|  |TAMS 0x00000000ff700000, 0x00000000ff700000| Untracked 
|  56|0x00000000ff800000, 0x00000000ff800000, 0x00000000ff900000|  0%| F|  |TAMS 0x00000000ff800000, 0x00000000ff800000| Untracked 
|  57|0x00000000ff900000, 0x00000000ff900000, 0x00000000ffa00000|  0%| F|  |TAMS 0x00000000ff900000, 0x00000000ff900000| Untracked 
|  58|0x00000000ffa00000, 0x00000000ffa00000, 0x00000000ffb00000|  0%| F|  |TAMS 0x00000000ffa00000, 0x00000000ffa00000| Untracked 
|  59|0x00000000ffb00000, 0x00000000ffb00000, 0x00000000ffc00000|  0%| F|  |TAMS 0x00000000ffb00000, 0x00000000ffb00000| Untracked 
|  60|0x00000000ffc00000, 0x00000000ffc00000, 0x00000000ffd00000|  0%| F|  |TAMS 0x00000000ffc00000, 0x00000000ffc00000| Untracked 
|  61|0x00000000ffd00000, 0x00000000ffdd9b10, 0x00000000ffe00000| 85%| E|  |TAMS 0x00000000ffd00000, 0x00000000ffd00000| Complete 
|  62|0x00000000ffe00000, 0x00000000fff00000, 0x00000000fff00000|100%| E|CS|TAMS 0x00000000ffe00000, 0x00000000ffe00000| Complete 
|  63|0x00000000fff00000, 0x0000000100000000, 0x0000000100000000|100%| E|CS|TAMS 0x00000000fff00000, 0x00000000fff00000| Complete 

Card table byte_map: [0x000001c47da30000,0x000001c47da50000] _byte_map_base: 0x000001c47d250000

Marking Bits (Prev, Next): (CMBitMap*) 0x000001c47db30a00, (CMBitMap*) 0x000001c47db30a40
 Prev Bits: [0x000001c47def0000, 0x000001c47dff0000)
 Next Bits: [0x000001c47dff0000, 0x000001c47e0f0000)

Polling page: 0x000001c47ba00000

Metaspace:

Usage:
  Non-class:      8.24 MB used.
      Class:      1.23 MB used.
       Both:      9.47 MB used.

Virtual space:
  Non-class space:       64.00 MB reserved,       8.38 MB ( 13%) committed,  1 nodes.
      Class space:        1.00 GB reserved,       1.31 MB ( <1%) committed,  1 nodes.
             Both:        1.06 GB reserved,       9.69 MB ( <1%) committed. 

Chunk freelists:
   Non-Class:  6.80 MB
       Class:  14.60 MB
        Both:  21.39 MB

MaxMetaspaceSize: unlimited
CompressedClassSpaceSize: 1.00 GB
Initial GC threshold: 21.00 MB
Current GC threshold: 21.00 MB
CDS: on
MetaspaceReclaimPolicy: balanced
 - commit_granule_bytes: 65536.
 - commit_granule_words: 8192.
 - virtual_space_node_default_size: 8388608.
 - enlarge_chunks_in_place: 1.
 - new_chunks_are_fully_committed: 0.
 - uncommit_free_chunks: 1.
 - use_allocation_guard: 0.
 - handle_deallocations: 1.


Internal statistics:

num_allocs_failed_limit: 0.
num_arena_births: 90.
num_arena_deaths: 0.
num_vsnodes_births: 2.
num_vsnodes_deaths: 0.
num_space_committed: 155.
num_space_uncommitted: 0.
num_chunks_returned_to_freelist: 0.
num_chunks_taken_from_freelist: 340.
num_chunk_merges: 0.
num_chunk_splits: 230.
num_chunks_enlarged: 187.
num_inconsistent_stats: 0.

CodeHeap 'non-profiled nmethods': size=120000Kb used=692Kb max_used=692Kb free=119307Kb
 bounds [0x000001c40f550000, 0x000001c40f7c0000, 0x000001c416a80000]
CodeHeap 'profiled nmethods': size=120000Kb used=3516Kb max_used=3516Kb free=116484Kb
 bounds [0x000001c407a80000, 0x000001c407df0000, 0x000001c40efb0000]
CodeHeap 'non-nmethods': size=5760Kb used=1180Kb max_used=1196Kb free=4580Kb
 bounds [0x000001c40efb0000, 0x000001c40f220000, 0x000001c40f550000]
 total_blobs=2299 nmethods=1820 adapters=392
 compilation: enabled
              stopped_count=0, restarted_count=0
 full_count=0

Compilation events (20 events):
Event: 69.609 Thread 0x000001c418be0590 nmethod 1811 0x000001c407de8d90 code [0x000001c407de8f80, 0x000001c407de9488]
Event: 69.612 Thread 0x000001c418be0590 1812       3       org.gradle.internal.logging.text.AbstractLineChoppingStyledTextOutput$SeenFromEol::add (18 bytes)
Event: 69.612 Thread 0x000001c418be0590 nmethod 1812 0x000001c407de9610 code [0x000001c407de97a0, 0x000001c407de98d8]
Event: 69.614 Thread 0x000001c418be0590 1813       3       java.util.ArrayList::clear (43 bytes)
Event: 69.615 Thread 0x000001c418be0590 nmethod 1813 0x000001c407de9990 code [0x000001c407de9b40, 0x000001c407de9eb8]
Event: 69.615 Thread 0x000001c418be0590 1814       3       org.gradle.internal.logging.sink.GroupingProgressLogEventGenerator$OperationGroup::flushOutput (197 bytes)
Event: 69.616 Thread 0x000001c418be0590 nmethod 1814 0x000001c407dea010 code [0x000001c407dea2e0, 0x000001c407deb268]
Event: 69.806 Thread 0x000001c418be0590 1815       3       java.util.Collections::addAll (43 bytes)
Event: 69.807 Thread 0x000001c418be0590 nmethod 1815 0x000001c407deb810 code [0x000001c407deb9c0, 0x000001c407debc68]
Event: 69.809 Thread 0x000001c418bde420 1816       4       java.lang.StringCoding::implEncodeAsciiArray (47 bytes)
Event: 69.812 Thread 0x000001c418be0590 1817       3       org.gradle.internal.logging.format.PrettyPrefixedLogHeaderFormatter::format (62 bytes)
Event: 69.813 Thread 0x000001c418be0590 nmethod 1817 0x000001c407debd90 code [0x000001c407debfe0, 0x000001c407decc48]
Event: 69.813 Thread 0x000001c418be0590 1818       3       org.gradle.internal.logging.format.PrettyPrefixedLogHeaderFormatter::header (42 bytes)
Event: 69.813 Thread 0x000001c418be0590 nmethod 1818 0x000001c407decf10 code [0x000001c407ded140, 0x000001c407ded8c8]
Event: 69.813 Thread 0x000001c418be0590 1819       3       com.google.common.collect.Lists::newArrayList (28 bytes)
Event: 69.814 Thread 0x000001c418be0590 nmethod 1819 0x000001c407dedb90 code [0x000001c407dedd80, 0x000001c407dee278]
Event: 69.815 Thread 0x000001c418bde420 nmethod 1816 0x000001c40f5fca90 code [0x000001c40f5fcc00, 0x000001c40f5fcfb8]
Event: 69.910 Thread 0x000001c418bde420 1820       4       org.gradle.internal.logging.text.AbstractLineChoppingStyledTextOutput::doAppend (43 bytes)
Event: 69.911 Thread 0x000001c418be0590 1821       3       org.gradle.internal.logging.sink.GroupingProgressLogEventGenerator$OperationGroup::<init> (59 bytes)
Event: 69.911 Thread 0x000001c418be0590 nmethod 1821 0x000001c407dee490 code [0x000001c407dee680, 0x000001c407deee18]

GC Heap History (4 events):
Event: 0.641 GC heap before
{Heap before GC invocations=0 (full 0):
 garbage-first heap   total 65536K, used 26624K [0x00000000fc000000, 0x0000000100000000)
  region size 1024K, 23 young (23552K), 0 survivors (0K)
 Metaspace       used 3824K, committed 3968K, reserved 1114112K
  class space    used 472K, committed 512K, reserved 1048576K
}
Event: 0.647 GC heap after
{Heap after GC invocations=1 (full 0):
 garbage-first heap   total 65536K, used 10624K [0x00000000fc000000, 0x0000000100000000)
  region size 1024K, 3 young (3072K), 3 survivors (3072K)
 Metaspace       used 3824K, committed 3968K, reserved 1114112K
  class space    used 472K, committed 512K, reserved 1048576K
}
Event: 66.607 GC heap before
{Heap before GC invocations=1 (full 0):
 garbage-first heap   total 65536K, used 33152K [0x00000000fc000000, 0x0000000100000000)
  region size 1024K, 25 young (25600K), 3 survivors (3072K)
 Metaspace       used 9651K, committed 9856K, reserved 1114112K
  class space    used 1257K, committed 1344K, reserved 1048576K
}
Event: 66.643 GC heap after
{Heap after GC invocations=2 (full 0):
 garbage-first heap   total 65536K, used 12994K [0x00000000fc000000, 0x0000000100000000)
  region size 1024K, 3 young (3072K), 3 survivors (3072K)
 Metaspace       used 9651K, committed 9856K, reserved 1114112K
  class space    used 1257K, committed 1344K, reserved 1048576K
}

Dll operation events (12 events):
Event: 0.007 Loaded shared library C:\Program Files\Microsoft\jdk-17.0.13.11-hotspot\bin\java.dll
Event: 0.025 Loaded shared library C:\Program Files\Microsoft\jdk-17.0.13.11-hotspot\bin\jsvml.dll
Event: 0.050 Loaded shared library C:\Program Files\Microsoft\jdk-17.0.13.11-hotspot\bin\net.dll
Event: 0.052 Loaded shared library C:\Program Files\Microsoft\jdk-17.0.13.11-hotspot\bin\nio.dll
Event: 0.054 Loaded shared library C:\Program Files\Microsoft\jdk-17.0.13.11-hotspot\bin\zip.dll
Event: 0.313 Loaded shared library C:\Program Files\Microsoft\jdk-17.0.13.11-hotspot\bin\jimage.dll
Event: 0.395 Loaded shared library C:\Program Files\Microsoft\jdk-17.0.13.11-hotspot\bin\verify.dll
Event: 0.675 Loaded shared library C:\Users\hp\.gradle\native\68d5fa5c4cc2d200863cafc0d521ce42e7d3e7ee720ec0a83991735586a16f82\windows-amd64\native-platform.dll
Event: 0.811 Loaded shared library C:\Program Files\Microsoft\jdk-17.0.13.11-hotspot\bin\management.dll
Event: 0.812 Loaded shared library C:\Program Files\Microsoft\jdk-17.0.13.11-hotspot\bin\management_ext.dll
Event: 1.049 Loaded shared library C:\Program Files\Microsoft\jdk-17.0.13.11-hotspot\bin\extnet.dll
Event: 3.630 Loaded shared library C:\Program Files\Microsoft\jdk-17.0.13.11-hotspot\bin\sunmscapi.dll

Deoptimization events (20 events):
Event: 3.634 Thread 0x000001c47db0d990 Uncommon trap: trap_request=0xffffffc6 fr.pc=0x000001c40f5d85f8 relative=0x0000000000000438
Event: 3.634 Thread 0x000001c47db0d990 Uncommon trap: reason=bimorphic_or_optimized_type_check action=maybe_recompile pc=0x000001c40f5d85f8 method=java.util.HashMap.getNode(Ljava/lang/Object;)Ljava/util/HashMap$Node; @ 128 c2
Event: 3.634 Thread 0x000001c47db0d990 DEOPT PACKING pc=0x000001c40f5d85f8 sp=0x00000098d5dfa8a0
Event: 3.634 Thread 0x000001c47db0d990 DEOPT UNPACKING pc=0x000001c40f0069a3 sp=0x00000098d5dfa818 mode 2
Event: 3.634 Thread 0x000001c47db0d990 Uncommon trap: trap_request=0xffffffc6 fr.pc=0x000001c40f5d85f8 relative=0x0000000000000438
Event: 3.634 Thread 0x000001c47db0d990 Uncommon trap: reason=bimorphic_or_optimized_type_check action=maybe_recompile pc=0x000001c40f5d85f8 method=java.util.HashMap.getNode(Ljava/lang/Object;)Ljava/util/HashMap$Node; @ 128 c2
Event: 3.634 Thread 0x000001c47db0d990 DEOPT PACKING pc=0x000001c40f5d85f8 sp=0x00000098d5dfa8a0
Event: 3.634 Thread 0x000001c47db0d990 DEOPT UNPACKING pc=0x000001c40f0069a3 sp=0x00000098d5dfa818 mode 2
Event: 3.634 Thread 0x000001c47db0d990 Uncommon trap: trap_request=0xffffffc6 fr.pc=0x000001c40f5d85f8 relative=0x0000000000000438
Event: 3.634 Thread 0x000001c47db0d990 Uncommon trap: reason=bimorphic_or_optimized_type_check action=maybe_recompile pc=0x000001c40f5d85f8 method=java.util.HashMap.getNode(Ljava/lang/Object;)Ljava/util/HashMap$Node; @ 128 c2
Event: 3.634 Thread 0x000001c47db0d990 DEOPT PACKING pc=0x000001c40f5d85f8 sp=0x00000098d5dfa8a0
Event: 3.634 Thread 0x000001c47db0d990 DEOPT UNPACKING pc=0x000001c40f0069a3 sp=0x00000098d5dfa818 mode 2
Event: 3.634 Thread 0x000001c47db0d990 Uncommon trap: trap_request=0xffffffc6 fr.pc=0x000001c40f5d85f8 relative=0x0000000000000438
Event: 3.634 Thread 0x000001c47db0d990 Uncommon trap: reason=bimorphic_or_optimized_type_check action=maybe_recompile pc=0x000001c40f5d85f8 method=java.util.HashMap.getNode(Ljava/lang/Object;)Ljava/util/HashMap$Node; @ 128 c2
Event: 3.634 Thread 0x000001c47db0d990 DEOPT PACKING pc=0x000001c40f5d85f8 sp=0x00000098d5dfa8a0
Event: 3.634 Thread 0x000001c47db0d990 DEOPT UNPACKING pc=0x000001c40f0069a3 sp=0x00000098d5dfa818 mode 2
Event: 3.691 Thread 0x000001c47db0d990 Uncommon trap: trap_request=0xffffff45 fr.pc=0x000001c40f5a2678 relative=0x0000000000000418
Event: 3.691 Thread 0x000001c47db0d990 Uncommon trap: reason=unstable_if action=reinterpret pc=0x000001c40f5a2678 method=java.util.regex.Matcher.match(II)Z @ 76 c2
Event: 3.691 Thread 0x000001c47db0d990 DEOPT PACKING pc=0x000001c40f5a2678 sp=0x00000098d5dfbab0
Event: 3.691 Thread 0x000001c47db0d990 DEOPT UNPACKING pc=0x000001c40f0069a3 sp=0x00000098d5dfba68 mode 2

Classes loaded (20 events):
Event: 62.034 Loading class jdk/internal/logger/LazyLoggers$LazyLoggerFactories
Event: 62.034 Loading class jdk/internal/logger/LazyLoggers$LazyLoggerFactories done
Event: 62.038 Loading class jdk/internal/logger/LoggerFinderLoader
Event: 62.038 Loading class jdk/internal/logger/LoggerFinderLoader done
Event: 62.043 Loading class jdk/internal/logger/LoggerFinderLoader$TemporaryLoggerFinder
Event: 62.043 Loading class jdk/internal/logger/LoggerFinderLoader$TemporaryLoggerFinder done
Event: 62.046 Loading class sun/util/logging/internal/LoggingProviderImpl$JULWrapper
Event: 62.046 Loading class sun/util/logging/PlatformLogger$ConfigurableBridge$LoggerConfiguration
Event: 62.047 Loading class sun/util/logging/PlatformLogger$ConfigurableBridge$LoggerConfiguration done
Event: 62.047 Loading class sun/util/logging/internal/LoggingProviderImpl$JULWrapper done
Event: 62.048 Loading class java/io/ObjectInputFilter
Event: 62.048 Loading class java/io/ObjectInputFilter done
Event: 62.050 Loading class java/io/ObjectInputFilter$Config$BuiltinFilterFactory
Event: 62.050 Loading class java/io/ObjectInputFilter$Config$BuiltinFilterFactory done
Event: 62.050 Loading class jdk/internal/access/JavaObjectInputFilterAccess
Event: 62.050 Loading class jdk/internal/access/JavaObjectInputFilterAccess done
Event: 62.052 Loading class java/lang/System$Logger$Level
Event: 62.053 Loading class java/lang/System$Logger$Level done
Event: 62.053 Loading class java/io/Bits
Event: 62.054 Loading class java/io/Bits done

Classes unloaded (0 events):
No events

Classes redefined (0 events):
No events

Internal exceptions (20 events):
Event: 69.911 Thread 0x000001c45eaf6390 Exception <a 'java/io/IOException'{0x00000000ffd8f578}> (0x00000000ffd8f578) 
thrown [s\src\hotspot\share\prims\jni.cpp, line 516]
Event: 69.911 Thread 0x000001c45eaf6390 Exception <a 'java/io/IOException'{0x00000000ffd8fb30}> (0x00000000ffd8fb30) 
thrown [s\src\hotspot\share\prims\jni.cpp, line 516]
Event: 69.911 Thread 0x000001c45eaf6390 Exception <a 'java/io/IOException'{0x00000000ffd90540}> (0x00000000ffd90540) 
thrown [s\src\hotspot\share\prims\jni.cpp, line 516]
Event: 69.911 Thread 0x000001c45eaf6390 Exception <a 'java/io/IOException'{0x00000000ffd90af8}> (0x00000000ffd90af8) 
thrown [s\src\hotspot\share\prims\jni.cpp, line 516]
Event: 69.911 Thread 0x000001c45eaf6390 Exception <a 'java/io/IOException'{0x00000000ffd90ec8}> (0x00000000ffd90ec8) 
thrown [s\src\hotspot\share\prims\jni.cpp, line 516]
Event: 69.911 Thread 0x000001c45eaf6390 Exception <a 'java/io/IOException'{0x00000000ffd91480}> (0x00000000ffd91480) 
thrown [s\src\hotspot\share\prims\jni.cpp, line 516]
Event: 69.911 Thread 0x000001c45eaf6390 Exception <a 'java/io/IOException'{0x00000000ffd91840}> (0x00000000ffd91840) 
thrown [s\src\hotspot\share\prims\jni.cpp, line 516]
Event: 69.911 Thread 0x000001c45eaf6390 Exception <a 'java/io/IOException'{0x00000000ffd91df8}> (0x00000000ffd91df8) 
thrown [s\src\hotspot\share\prims\jni.cpp, line 516]
Event: 69.912 Thread 0x000001c45eaf6390 Exception <a 'java/io/IOException'{0x00000000ffd927e8}> (0x00000000ffd927e8) 
thrown [s\src\hotspot\share\prims\jni.cpp, line 516]
Event: 69.912 Thread 0x000001c45eaf6390 Exception <a 'java/io/IOException'{0x00000000ffd92da0}> (0x00000000ffd92da0) 
thrown [s\src\hotspot\share\prims\jni.cpp, line 516]
Event: 69.912 Thread 0x000001c45eaf6390 Exception <a 'java/io/IOException'{0x00000000ffd93170}> (0x00000000ffd93170) 
thrown [s\src\hotspot\share\prims\jni.cpp, line 516]
Event: 69.912 Thread 0x000001c45eaf6390 Exception <a 'java/io/IOException'{0x00000000ffd93728}> (0x00000000ffd93728) 
thrown [s\src\hotspot\share\prims\jni.cpp, line 516]
Event: 69.912 Thread 0x000001c45eaf6390 Exception <a 'java/io/IOException'{0x00000000ffd93ae8}> (0x00000000ffd93ae8) 
thrown [s\src\hotspot\share\prims\jni.cpp, line 516]
Event: 69.912 Thread 0x000001c45eaf6390 Exception <a 'java/io/IOException'{0x00000000ffd940a0}> (0x00000000ffd940a0) 
thrown [s\src\hotspot\share\prims\jni.cpp, line 516]
Event: 69.912 Thread 0x000001c45eaf6390 Exception <a 'java/io/IOException'{0x00000000ffd94af8}> (0x00000000ffd94af8) 
thrown [s\src\hotspot\share\prims\jni.cpp, line 516]
Event: 69.912 Thread 0x000001c45eaf6390 Exception <a 'java/io/IOException'{0x00000000ffd950b0}> (0x00000000ffd950b0) 
thrown [s\src\hotspot\share\prims\jni.cpp, line 516]
Event: 69.912 Thread 0x000001c45eaf6390 Exception <a 'java/io/IOException'{0x00000000ffd95480}> (0x00000000ffd95480) 
thrown [s\src\hotspot\share\prims\jni.cpp, line 516]
Event: 69.912 Thread 0x000001c45eaf6390 Exception <a 'java/io/IOException'{0x00000000ffd95a38}> (0x00000000ffd95a38) 
thrown [s\src\hotspot\share\prims\jni.cpp, line 516]
Event: 69.912 Thread 0x000001c45eaf6390 Exception <a 'java/io/IOException'{0x00000000ffd95df8}> (0x00000000ffd95df8) 
thrown [s\src\hotspot\share\prims\jni.cpp, line 516]
Event: 69.912 Thread 0x000001c45eaf6390 Exception <a 'java/io/IOException'{0x00000000ffd963b0}> (0x00000000ffd963b0) 
thrown [s\src\hotspot\share\prims\jni.cpp, line 516]

VM Operations (20 events):
Event: 53.036 Executing VM operation: Cleanup
Event: 53.036 Executing VM operation: Cleanup done
Event: 59.086 Executing VM operation: Cleanup
Event: 59.086 Executing VM operation: Cleanup done
Event: 60.257 Executing VM operation: HandshakeAllThreads
Event: 60.257 Executing VM operation: HandshakeAllThreads done
Event: 62.260 Executing VM operation: Cleanup
Event: 62.260 Executing VM operation: Cleanup done
Event: 63.272 Executing VM operation: Cleanup
Event: 63.272 Executing VM operation: Cleanup done
Event: 64.280 Executing VM operation: Cleanup
Event: 64.280 Executing VM operation: Cleanup done
Event: 66.295 Executing VM operation: Cleanup
Event: 66.295 Executing VM operation: Cleanup done
Event: 66.605 Executing VM operation: G1CollectForAllocation
Event: 66.643 Executing VM operation: G1CollectForAllocation done
Event: 67.653 Executing VM operation: Cleanup
Event: 67.653 Executing VM operation: Cleanup done
Event: 69.686 Executing VM operation: Cleanup
Event: 69.687 Executing VM operation: Cleanup done

Memory protections (0 events):
No events

Nmethod flushes (0 events):
No events

Events (20 events):
Event: 0.035 Thread 0x000001c47db0d990 Thread added: 0x000001c418be2eb0
Event: 0.046 Thread 0x000001c47db0d990 Thread added: 0x000001c45e065240
Event: 0.047 Thread 0x000001c47db0d990 Thread added: 0x000001c45e06bdf0
Event: 0.330 Thread 0x000001c418bde420 Thread added: 0x000001c45e2e8570
Event: 0.692 Thread 0x000001c47db0d990 Thread added: 0x000001c45eaf6390
Event: 1.051 Thread 0x000001c45e2e8570 Thread exited: 0x000001c45e2e8570
Event: 1.141 Thread 0x000001c418be0590 Thread added: 0x000001c45ef133f0
Event: 1.207 Thread 0x000001c47db0d990 Thread added: 0x000001c45eaf30f0
Event: 1.223 Thread 0x000001c45eaf30f0 Thread added: 0x000001c45eaf4a40
Event: 1.224 Thread 0x000001c45eaf30f0 Thread added: 0x000001c45eaf2be0
Event: 1.225 Thread 0x000001c45eaf4a40 Thread exited: 0x000001c45eaf4a40
Event: 1.403 Thread 0x000001c45ef133f0 Thread exited: 0x000001c45ef133f0
Event: 3.604 Thread 0x000001c45eaf30f0 Thread exited: 0x000001c45eaf30f0
Event: 3.604 Thread 0x000001c45eaf2be0 Thread exited: 0x000001c45eaf2be0
Event: 3.644 Thread 0x000001c418be0590 Thread added: 0x000001c45ef56df0
Event: 3.734 Thread 0x000001c47db0d990 Thread added: 0x000001c45eaf4020
Event: 3.735 Thread 0x000001c45eaf4020 Thread exited: 0x000001c45eaf4020
Event: 3.735 Thread 0x000001c47db0d990 Thread added: 0x000001c45eaf5e80
Event: 4.502 Thread 0x000001c45ef56df0 Thread exited: 0x000001c45ef56df0
Event: 63.746 Thread 0x000001c45eaf5e80 Thread exited: 0x000001c45eaf5e80


Dynamic libraries:
0x00007ff6d6c70000 - 0x00007ff6d6c7e000 	C:\Program Files\Microsoft\jdk-17.0.13.11-hotspot\bin\java.exe
0x00007ffe49390000 - 0x00007ffe495a7000 	C:\Windows\SYSTEM32\ntdll.dll
0x00007ffe47710000 - 0x00007ffe477d4000 	C:\Windows\System32\KERNEL32.DLL
0x00007ffe469a0000 - 0x00007ffe46d5a000 	C:\Windows\System32\KERNELBASE.dll
0x00007ffe46ed0000 - 0x00007ffe46fe1000 	C:\Windows\System32\ucrtbase.dll
0x00007ffda9d20000 - 0x00007ffda9d3d000 	C:\Program Files\Microsoft\jdk-17.0.13.11-hotspot\bin\VCRUNTIME140.dll
0x00007ffda9d40000 - 0x00007ffda9d57000 	C:\Program Files\Microsoft\jdk-17.0.13.11-hotspot\bin\jli.dll
0x00007ffe47120000 - 0x00007ffe472ce000 	C:\Windows\System32\USER32.dll
0x00007ffe20b60000 - 0x00007ffe20df2000 	C:\Windows\WinSxS\amd64_microsoft.windows.common-controls_6595b64144ccf1df_6.0.22621.4541_none_2710d1c57384c085\COMCTL32.dll
0x00007ffe46660000 - 0x00007ffe46686000 	C:\Windows\System32\win32u.dll
0x00007ffe48060000 - 0x00007ffe48089000 	C:\Windows\System32\GDI32.dll
0x00007ffe47410000 - 0x00007ffe474b7000 	C:\Windows\System32\msvcrt.dll
0x00007ffe46880000 - 0x00007ffe4699b000 	C:\Windows\System32\gdi32full.dll
0x00007ffe46ff0000 - 0x00007ffe4708a000 	C:\Windows\System32\msvcp_win.dll
0x00007ffe476d0000 - 0x00007ffe47701000 	C:\Windows\System32\IMM32.DLL
0x00007ffda9d10000 - 0x00007ffda9d1c000 	C:\Program Files\Microsoft\jdk-17.0.13.11-hotspot\bin\vcruntime140_1.dll
0x00007ffda9c80000 - 0x00007ffda9d0d000 	C:\Program Files\Microsoft\jdk-17.0.13.11-hotspot\bin\msvcp140.dll
0x00007ffda9000000 - 0x00007ffda9c71000 	C:\Program Files\Microsoft\jdk-17.0.13.11-hotspot\bin\server\jvm.dll
0x00007ffe475c0000 - 0x00007ffe47672000 	C:\Windows\System32\ADVAPI32.dll
0x00007ffe492a0000 - 0x00007ffe49347000 	C:\Windows\System32\sechost.dll
0x00007ffe46ea0000 - 0x00007ffe46ec8000 	C:\Windows\System32\bcrypt.dll
0x00007ffe48090000 - 0x00007ffe481a4000 	C:\Windows\System32\RPCRT4.dll
0x00007ffe49220000 - 0x00007ffe49291000 	C:\Windows\System32\WS2_32.dll
0x00007ffe46530000 - 0x00007ffe4657d000 	C:\Windows\SYSTEM32\POWRPROF.dll
0x00007ffe3d990000 - 0x00007ffe3d9c4000 	C:\Windows\SYSTEM32\WINMM.dll
0x00007ffe317d0000 - 0x00007ffe317da000 	C:\Windows\SYSTEM32\VERSION.dll
0x00007ffe46460000 - 0x00007ffe46473000 	C:\Windows\SYSTEM32\UMPDC.dll
0x00007ffe45660000 - 0x00007ffe45678000 	C:\Windows\SYSTEM32\kernel.appcore.dll
0x00007ffda8ff0000 - 0x00007ffda8ffa000 	C:\Program Files\Microsoft\jdk-17.0.13.11-hotspot\bin\jimage.dll
0x00007ffe440e0000 - 0x00007ffe44312000 	C:\Windows\SYSTEM32\DBGHELP.DLL
0x00007ffe485c0000 - 0x00007ffe4894f000 	C:\Windows\System32\combase.dll
0x00007ffe484e0000 - 0x00007ffe485b7000 	C:\Windows\System32\OLEAUT32.dll
0x00007ffe2b6c0000 - 0x00007ffe2b6f2000 	C:\Windows\SYSTEM32\dbgcore.DLL
0x00007ffe46800000 - 0x00007ffe4687b000 	C:\Windows\System32\bcryptPrimitives.dll
0x00007ffda8fc0000 - 0x00007ffda8fe5000 	C:\Program Files\Microsoft\jdk-17.0.13.11-hotspot\bin\java.dll
0x00007ffda8ee0000 - 0x00007ffda8fb7000 	C:\Program Files\Microsoft\jdk-17.0.13.11-hotspot\bin\jsvml.dll
0x00007ffe477e0000 - 0x00007ffe48058000 	C:\Windows\System32\SHELL32.dll
0x00007ffe44550000 - 0x00007ffe44e58000 	C:\Windows\SYSTEM32\windows.storage.dll
0x00007ffe44410000 - 0x00007ffe4454f000 	C:\Windows\SYSTEM32\wintypes.dll
0x00007ffe474c0000 - 0x00007ffe475ba000 	C:\Windows\System32\SHCORE.dll
0x00007ffe48970000 - 0x00007ffe489ce000 	C:\Windows\System32\shlwapi.dll
0x00007ffe46590000 - 0x00007ffe465bb000 	C:\Windows\SYSTEM32\profapi.dll
0x00007ffda8ec0000 - 0x00007ffda8eda000 	C:\Program Files\Microsoft\jdk-17.0.13.11-hotspot\bin\net.dll
0x00007ffe3f780000 - 0x00007ffe3f8b6000 	C:\Windows\SYSTEM32\WINHTTP.dll
0x00007ffe45ad0000 - 0x00007ffe45b39000 	C:\Windows\system32\mswsock.dll
0x00007ffda8ea0000 - 0x00007ffda8eb6000 	C:\Program Files\Microsoft\jdk-17.0.13.11-hotspot\bin\nio.dll
0x00007ffda8e80000 - 0x00007ffda8e98000 	C:\Program Files\Microsoft\jdk-17.0.13.11-hotspot\bin\zip.dll
0x00007ffda8e70000 - 0x00007ffda8e80000 	C:\Program Files\Microsoft\jdk-17.0.13.11-hotspot\bin\verify.dll
0x00007ffda8e40000 - 0x00007ffda8e67000 	C:\Users\hp\.gradle\native\68d5fa5c4cc2d200863cafc0d521ce42e7d3e7ee720ec0a83991735586a16f82\windows-amd64\native-platform.dll
0x00007ffda8e20000 - 0x00007ffda8e2a000 	C:\Program Files\Microsoft\jdk-17.0.13.11-hotspot\bin\management.dll
0x00007ffda8e10000 - 0x00007ffda8e1b000 	C:\Program Files\Microsoft\jdk-17.0.13.11-hotspot\bin\management_ext.dll
0x00007ffe48d80000 - 0x00007ffe48d88000 	C:\Windows\System32\PSAPI.DLL
0x00007ffe45e20000 - 0x00007ffe45e3b000 	C:\Windows\SYSTEM32\CRYPTSP.dll
0x00007ffe455c0000 - 0x00007ffe455f5000 	C:\Windows\system32\rsaenh.dll
0x00007ffe45b70000 - 0x00007ffe45b98000 	C:\Windows\SYSTEM32\USERENV.dll
0x00007ffe45e00000 - 0x00007ffe45e0c000 	C:\Windows\SYSTEM32\CRYPTBASE.dll
0x00007ffe450c0000 - 0x00007ffe450ed000 	C:\Windows\SYSTEM32\IPHLPAPI.DLL
0x00007ffe48360000 - 0x00007ffe48369000 	C:\Windows\System32\NSI.dll
0x00007ffe3f6b0000 - 0x00007ffe3f6c9000 	C:\Windows\SYSTEM32\dhcpcsvc6.DLL
0x00007ffe3f660000 - 0x00007ffe3f67f000 	C:\Windows\SYSTEM32\dhcpcsvc.DLL
0x00007ffe450f0000 - 0x00007ffe451f2000 	C:\Windows\SYSTEM32\DNSAPI.dll
0x00007ffda8e00000 - 0x00007ffda8e09000 	C:\Program Files\Microsoft\jdk-17.0.13.11-hotspot\bin\extnet.dll
0x00007ffda8c40000 - 0x00007ffda8c4e000 	C:\Program Files\Microsoft\jdk-17.0.13.11-hotspot\bin\sunmscapi.dll
0x00007ffe46690000 - 0x00007ffe467f6000 	C:\Windows\System32\CRYPT32.dll
0x00007ffe45f30000 - 0x00007ffe45f5d000 	C:\Windows\SYSTEM32\ncrypt.dll
0x00007ffe45ef0000 - 0x00007ffe45f27000 	C:\Windows\SYSTEM32\NTASN1.dll
0x00007ffe3e6f0000 - 0x00007ffe3e6f8000 	C:\Windows\system32\wshunix.dll

dbghelp: loaded successfully - version: 4.0.5 - missing functions: none
symbol engine: initialized successfully - sym options: 0x614 - pdb path: .;C:\Program Files\Microsoft\jdk-17.0.13.11-hotspot\bin;C:\Windows\SYSTEM32;C:\Windows\WinSxS\amd64_microsoft.windows.common-controls_6595b64144ccf1df_6.0.22621.4541_none_2710d1c57384c085;C:\Program Files\Microsoft\jdk-17.0.13.11-hotspot\bin\server;C:\Users\hp\.gradle\native\68d5fa5c4cc2d200863cafc0d521ce42e7d3e7ee720ec0a83991735586a16f82\windows-amd64

VM Arguments:
jvm_args: -Xmx64m -Xms64m -Dorg.gradle.appname=gradlew 
java_command: org.gradle.wrapper.GradleWrapperMain app:installDebug -PreactNativeDevServerPort=8081
java_class_path (initial): D:\appinopNew\NLG-main\android\\gradle\wrapper\gradle-wrapper.jar
Launcher Type: SUN_STANDARD

[Global flags]
     intx CICompilerCount                          = 4                                         {product} {ergonomic}
     uint ConcGCThreads                            = 2                                         {product} {ergonomic}
     uint G1ConcRefinementThreads                  = 8                                         {product} {ergonomic}
   size_t G1HeapRegionSize                         = 1048576                                   {product} {ergonomic}
    uintx GCDrainStackTargetSize                   = 64                                        {product} {ergonomic}
   size_t InitialHeapSize                          = 67108864                                  {product} {command line}
   size_t MarkStackSize                            = 4194304                                   {product} {ergonomic}
   size_t MaxHeapSize                              = 67108864                                  {product} {command line}
   size_t MaxNewSize                               = 39845888                                  {product} {ergonomic}
   size_t MinHeapDeltaBytes                        = 1048576                                   {product} {ergonomic}
   size_t MinHeapSize                              = 67108864                                  {product} {command line}
    uintx NonNMethodCodeHeapSize                   = 5839372                                {pd product} {ergonomic}
    uintx NonProfiledCodeHeapSize                  = 122909434                              {pd product} {ergonomic}
    uintx ProfiledCodeHeapSize                     = 122909434                              {pd product} {ergonomic}
    uintx ReservedCodeCacheSize                    = 251658240                              {pd product} {ergonomic}
     bool SegmentedCodeCache                       = true                                      {product} {ergonomic}
   size_t SoftMaxHeapSize                          = 67108864                               {manageable} {ergonomic}
     bool UseCompressedClassPointers               = true                           {product lp64_product} {ergonomic}
     bool UseCompressedOops                        = true                           {product lp64_product} {ergonomic}
     bool UseG1GC                                  = true                                      {product} {ergonomic}
     bool UseLargePagesIndividualAllocation        = false                                  {pd product} {ergonomic}

Logging:
Log output configuration:
 #0: stdout all=warning uptime,level,tags
 #1: stderr all=off uptime,level,tags

Environment Variables:
JAVA_HOME=C:\Program Files\Microsoft\jdk-17.0.13.11-hotspot\
CLASSPATH=D:\appinopNew\NLG-main\android\\gradle\wrapper\gradle-wrapper.jar
PATH=D:\appinopNew\NLG-main\node_modules\.bin;D:\appinopNew\NLG-main\node_modules\.bin;D:\appinopNew\node_modules\.bin;D:\node_modules\.bin;C:\Users\hp\AppData\Roaming\npm\node_modules\npm\node_modules\@npmcli\run-script\lib\node-gyp-bin;D:\appinopNew\NLG-main\node_modules\.bin;D:\appinopNew\node_modules\.bin;D:\node_modules\.bin;C:\Users\hp\AppData\Roaming\npm\node_modules\npm\node_modules\@npmcli\run-script\lib\node-gyp-bin;C:\Program Files\Microsoft\jdk-17.0.13.11-hotspot\bin;C:\Program Files\Common Files\Oracle\Java\javapath;C:\Python312\Scripts\;C:\Python312\;C:\Windows\system32;C:\Windows;C:\Windows\System32\Wbem;C:\Windows\System32\WindowsPowerShell\v1.0\;C:\Windows\System32\OpenSSH\;C:\ProgramData\chocolatey\bin;C:\Program Files\Git\cmd;C:\Program Files\nodejs\;C:\Users\hp\AppData\Local\Android\Sdk\platform-tools;C:\Users\hp\.javacpp\cache\javacpp-1.5.9-windows-x86_64.jar\org\bytedeco\javacpp\windows-x86_64;C:\Users\hp\AppData\Local\Programs\Microsoft VS Code\bin;C:\Users\hp\AppData\Roaming\npm;C:\Users\hp\AppData\Local\Android\Sdk\platform-tools;
USERNAME=hp
LANG=en_US.UTF-8
OS=Windows_NT
PROCESSOR_IDENTIFIER=Intel64 Family 6 Model 154 Stepping 4, GenuineIntel
TMP=C:\Users\hp\AppData\Local\Temp
TEMP=C:\Users\hp\AppData\Local\Temp



Periodic native trim disabled


---------------  S Y S T E M  ---------------

OS:
 Windows 11 , 64 bit Build 22621 (10.0.22621.4391)
OS uptime: 0 days 4:39 hours
Hyper-V role detected

CPU: total 8 (initial active 8) (4 cores per cpu, 2 threads per core) family 6 model 154 stepping 4 microcode 0x432, cx8, cmov, fxsr, ht, mmx, 3dnowpref, sse, sse2, sse3, ssse3, sse4.1, sse4.2, popcnt, lzcnt, tsc, tscinvbit, avx, avx2, aes, erms, clmul, bmi1, bmi2, adx, sha, fma, vzeroupper, clflush, clflushopt, clwb, hv
Processor Information for processor 0
  Max Mhz: 1200, Current Mhz: 1200, Mhz Limit: 1200
Processor Information for processor 1
  Max Mhz: 1200, Current Mhz: 1200, Mhz Limit: 1200
Processor Information for processor 2
  Max Mhz: 1200, Current Mhz: 1200, Mhz Limit: 1200
Processor Information for processor 3
  Max Mhz: 1200, Current Mhz: 1200, Mhz Limit: 1200
Processor Information for processor 4
  Max Mhz: 1200, Current Mhz: 900, Mhz Limit: 900
Processor Information for processor 5
  Max Mhz: 1200, Current Mhz: 900, Mhz Limit: 900
Processor Information for processor 6
  Max Mhz: 1200, Current Mhz: 900, Mhz Limit: 900
Processor Information for processor 7
  Max Mhz: 1200, Current Mhz: 900, Mhz Limit: 900

Memory: 4k page, system-wide physical 7865M (441M free)
TotalPageFile size 16606M (AvailPageFile size 5M)
current process WorkingSet (physical memory assigned to process): 60M, peak: 94M
current process commit charge ("private bytes"): 171M, peak: 172M

vm_info: OpenJDK 64-Bit Server VM (17.0.13+11-LTS) for windows-amd64 JRE (17.0.13+11-LTS), built on Oct 11 2024 23:25:05 by "MicrosoftCorporation" with unknown MS VC++:1939

END.
